CodeVisionAVR C Compiler V1.24.1d Standard
(C) Copyright 1998-2004 Pavel Haiduc, HP InfoTech s.r.l.
http://www.hpinfotech.ro
e-mail:office@hpinfotech.ro

File: E:\H\ANTON_MINI\main.c
Global variables memory map:

Variable                          Address   Size
bT0                                  R2.0    1/8
b100Hz                               R2.1    1/8
b10Hz                                R2.2    1/8
b5Hz                                 R2.3    1/8
b2Hz                                 R2.4    1/8
b1Hz                                 R2.5    1/8
n_but                                R2.6    1/8
bCNT                                 R2.7    1/8
t0_cnt0                                R8      1
t0_cnt1                                R9      1
t0_cnt2                               R10      1
t0_cnt3                               R11      1
t0_cnt4                               R12      1
flags                                 R13      1
deltas                                R14      1
adc_data                             160h      2
cnt_x                                162h      1
cher_cnt                             163h      2
pcnt                                 165h      3
bNN                                  R3.0    1/8
bNN_                                 R3.1    1/8
ind                                  168h      1
bFl                                  R3.2    1/8
bFL1                                 R3.3    1/8
bFL2                                 R3.4    1/8
led_cnt                              169h      1
led_del_cnt                          16Ah      1
in_drv_cntA                          16Bh      1
in_drv_cntB                          16Ch      1
in_drv_cntC                          16Dh      1
in_drv_cntD                          16Eh      1
in_drv_cntA_block                    16Fh      2
in_drv_cntL                          171h      1
in_drv_cntR                          172h      1
bINA                                 R3.5    1/8
bINB                                 R3.6    1/8
bINC                                 R3.7    1/8
bIND                                 R4.0    1/8
bTOP_LIGHT                           R4.1    1/8
bTUMAN                               R4.2    1/8
bHEAD                                R4.3    1/8
bINL                                 R4.4    1/8
bINR                                 R4.5    1/8
bAVAR                                R4.6    1/8
l_cnt                                173h      2
r_cnt                                175h      2
input_index_SA                       177h      1
