ARM Linker, 4.1 [Build 644] [Standard]

==============================================================================

Section Cross References

    startup_lpc17xx.o(RESET) refers to startup_lpc17xx.o(STACK) for __initial_sp
    startup_lpc17xx.o(RESET) refers to startup_lpc17xx.o(.text) for Reset_Handler
    startup_lpc17xx.o(RESET) refers to main.o(.text) for SysTick_Handler
    startup_lpc17xx.o(RESET) refers to timer.o(.text) for TIMER0_IRQHandler
    startup_lpc17xx.o(RESET) refers to uart0.o(.text) for UART0_IRQHandler
    startup_lpc17xx.o(RESET) refers to full_can.o(.text) for CAN_IRQHandler
    startup_lpc17xx.o(RESET) refers to emac_lpc17xx.o(.text) for ENET_IRQHandler
    startup_lpc17xx.o(.text) refers to entry.o(.ARM.Collect$$$$00000000) for __main
    net_config_http.o(.text) refers to at_ethernet.o(i.init_eth_link) for init_eth_link
    net_config_http.o(.text) refers to at_udp.o(i.init_udp) for init_udp
    net_config_http.o(.text) refers to at_tcp.o(i.init_tcp) for init_tcp
    net_config_http.o(.text) refers to at_snmp.o(i.init_snmp) for init_snmp
    net_config_http.o(.text) refers to at_ethernet.o(i.run_eth_link) for run_eth_link
    net_config_http.o(.text) refers to at_tcp.o(i.tcp_poll_sockets) for tcp_poll_sockets
    net_config_http.o(.text) refers to at_snmp.o(i.run_snmp_agent) for run_snmp_agent
    net_config_http.o(.text) refers to at_udp.o(i.process_udp) for process_udp
    net_config_http.o(.text) refers to at_tcp.o(i.process_tcp) for process_tcp
    net_config_http.o(.text) refers to at_ethernet.o(i.eth_send_frame) for eth_send_frame
    common_func.o(.text) refers to 25lc640.o(.text) for lc640_read_int
    common_func.o(.text) refers to main.o(.data) for lcd_buffer
    common_func.o(.text) refers to main.o(.data) for dig
    common_func.o(.text) refers to main.o(.data) for zero_on
    common_func.o(.text) refers to main.o(.constdata) for sm_mont
    common_func.o(.text) refers to ret.o(.text) for ret
    common_func.o(.text) refers to main.o(.constdata) for ABCDEF
    common_func.o(.text) refers to main.o(.bss) for b_ind
    common_func.o(.text) refers to common_func.o(.text) for bin2bcd_int
    common_func.o(.text) refers to main.o(.data) for dig
    common_func.o(.text) refers to main.o(.data) for lcd_buffer
    common_func.o(.text) refers to common_func.o(.text) for bin2bcd_int
    common_func.o(.text) refers to main.o(.data) for dig
    common_func.o(.text) refers to main.o(.data) for lcd_buffer
    common_func.o(.text) refers to common_func.o(.text) for find
    common_func.o(.text) refers to main.o(.constdata) for ABCDEF
    common_func.o(.text) refers to main.o(.data) for lcd_buffer
    common_func.o(.text) refers to main.o(.constdata) for ABCDEF
    common_func.o(.text) refers to main.o(.data) for lcd_buffer
    common_func.o(.text) refers to main.o(.constdata) for ABCDEF
    common_func.o(.text) refers to main.o(.data) for lcd_buffer
    common_func.o(.text) refers to main.o(.constdata) for ABCDEF
    common_func.o(.text) refers to main.o(.data) for lcd_buffer
    control.o(.text) refers to 25lc640.o(.text) for lc640_write_int
    control.o(.text) refers to gran.o(.text) for gran_char
    control.o(.text) refers to mess.o(.text) for mess_send
    control.o(.text) refers to common_func.o(.text) for abs
    control.o(.text) refers to avar_hndl.o(.text) for ke_mem_hndl
    control.o(.text) refers to control.o(.data) for .data
    control.o(.text) refers to main.o(.data) for BAT_IS_ON
    control.o(.text) refers to main.o(.bss) for bat
    control.o(.text) refers to eeprom_map.o(.constdata) for ADR_EE_BAT_ZAR_CNT_KE
    control.o(.text) refers to main.o(.data) for bat_u_old_cnt
    control.o(.text) refers to eeprom_map.o(.constdata) for ADR_EE_BAT_C_REAL
    control.o(.text) refers to eeprom_map.o(.constdata) for ADR_EE_BAT_ZAR_CNT
    control.o(.text) refers to mess.o(.data) for mess_data
    control.o(.text) refers to main.o(.data) for Kibat0
    control.o(.text) refers to ad7705.o(.data) for ad7705_buff_
    control.o(.text) refers to eeprom_map.o(.constdata) for ADR_KI0BAT
    control.o(.text) refers to main.o(.data) for unet_drv_cnt
    control.o(.text) refers to main.o(.data) for net_Ustore
    control.o(.text) refers to main.o(.data) for Kunet
    control.o(.text) refers to control.o(.bss) for .bss
    control.o(.text) refers to main.o(.data) for Kubat
    control.o(.text) refers to main.o(.data) for Kubatm
    control.o(.text) refers to main.o(.data) for Kibat1
    control.o(.text) refers to main.o(.data) for Ktbat
    control.o(.text) refers to main.o(.data) for Kuload
    control.o(.text) refers to main.o(.data) for Ktext
    control.o(.text) refers to sacred_sun.o(.text) for ascii2halFhex
    control.o(.text) refers to main.o(.data) for adc_buff_ext_
    control.o(.text) refers to main.o(.data) for Kunet_ext
    control.o(.text) refers to main.o(.bss) for eb2_data_short
[...]
    snmp_bat_test_time                       0x1000017a   Data           2  snmp_data_file.o(.data)
    snmp_u_max                               0x1000017c   Data           2  snmp_data_file.o(.data)
    snmp_u_min                               0x1000017e   Data           2  snmp_data_file.o(.data)
    snmp_u_0_grad                            0x10000180   Data           2  snmp_data_file.o(.data)
    snmp_u_20_grad                           0x10000182   Data           2  snmp_data_file.o(.data)
    snmp_u_sign                              0x10000184   Data           2  snmp_data_file.o(.data)
    snmp_u_min_power                         0x10000186   Data           2  snmp_data_file.o(.data)
    snmp_u_withouth_bat                      0x10000188   Data           2  snmp_data_file.o(.data)
    snmp_control_current                     0x1000018a   Data           2  snmp_data_file.o(.data)
    snmp_max_charge_current                  0x1000018c   Data           2  snmp_data_file.o(.data)
    snmp_max_current                         0x1000018e   Data           2  snmp_data_file.o(.data)
    snmp_min_current                         0x10000190   Data           2  snmp_data_file.o(.data)
    snmp_uvz                                 0x10000192   Data           2  snmp_data_file.o(.data)
    snmp_powerup_psu_timeout                 0x10000194   Data           2  snmp_data_file.o(.data)
    snmp_max_temperature                     0x10000196   Data           2  snmp_data_file.o(.data)
    snmp_tsign_bat                           0x10000198   Data           2  snmp_data_file.o(.data)
    snmp_tmax_bat                            0x1000019a   Data           2  snmp_data_file.o(.data)
    snmp_tsign_bps                           0x1000019c   Data           2  snmp_data_file.o(.data)
    snmp_tmax_bps                            0x1000019e   Data           2  snmp_data_file.o(.data)
    snmp_bat_part_alarm                      0x100001a0   Data           2  snmp_data_file.o(.data)
    snmp_power_cnt_adress                    0x100001a2   Data           2  snmp_data_file.o(.data)
    snmp_klimat_box_temper                   0x100001a4   Data           2  snmp_data_file.o(.data)
    snmp_klimat_settings_box_alarm           0x100001a6   Data           2  snmp_data_file.o(.data)
    snmp_klimat_settings_vent_on             0x100001a8   Data           2  snmp_data_file.o(.data)
    snmp_klimat_settings_vent_off            0x100001aa   Data           2  snmp_data_file.o(.data)
    snmp_klimat_settings_warm_on             0x100001ac   Data           2  snmp_data_file.o(.data)
    snmp_klimat_settings_warm_off            0x100001ae   Data           2  snmp_data_file.o(.data)
    snmp_klimat_settings_load_on             0x100001b0   Data           2  snmp_data_file.o(.data)
    snmp_klimat_settings_load_off            0x100001b2   Data           2  snmp_data_file.o(.data)
    snmp_klimat_settings_batt_on             0x100001b4   Data           2  snmp_data_file.o(.data)
    snmp_klimat_settings_batt_off            0x100001b6   Data           2  snmp_data_file.o(.data)
    snmp_dt_ext                              0x100001b8   Data           2  snmp_data_file.o(.data)
    snmp_dt_msan                             0x100001ba   Data           2  snmp_data_file.o(.data)
    snmp_dt_epu                              0x100001bc   Data           2  snmp_data_file.o(.data)
    snmp_dt_number                           0x100001be   Data           3  snmp_data_file.o(.data)
    snmp_dt_error                            0x100001c1   Data           3  snmp_data_file.o(.data)
    snmp_lakb_cell_temperature_1             0x100001c4   Data           3  snmp_data_file.o(.data)
    snmp_lakb_cell_temperature_2             0x100001c7   Data           3  snmp_data_file.o(.data)
    snmp_lakb_cell_temperature_3             0x100001ca   Data           3  snmp_data_file.o(.data)
    snmp_lakb_cell_temperature_4             0x100001cd   Data           3  snmp_data_file.o(.data)
    snmp_lakb_cell_temperature_ambient       0x100001d0   Data           3  snmp_data_file.o(.data)
    snmp_lakb_cell_temperature_power         0x100001d3   Data           3  snmp_data_file.o(.data)
    snmp_sernum                              0x100001d8   Data           4  snmp_data_file.o(.data)
    snmp_bat_number                          0x100001dc   Data           4  snmp_data_file.o(.data)
    snmp_bat_voltage                         0x100001e0   Data           4  snmp_data_file.o(.data)
    snmp_bat_current                         0x100001e4   Data           4  snmp_data_file.o(.data)
    snmp_bat_temperature                     0x100001e8   Data           4  snmp_data_file.o(.data)
    snmp_bat_capacity                        0x100001ec   Data           4  snmp_data_file.o(.data)
    snmp_bat_charge                          0x100001f0   Data           4  snmp_data_file.o(.data)
    snmp_bat_status                          0x100001f4   Data           4  snmp_data_file.o(.data)
    snmp_bat_part_voltage                    0x100001f8   Data           4  snmp_data_file.o(.data)
    snmp_energy_total_energy                 0x100001fc   Data           4  snmp_data_file.o(.data)
    snmp_sk_number                           0x10000200   Data           4  snmp_data_file.o(.data)
    snmp_sk_aktiv                            0x10000204   Data           4  snmp_data_file.o(.data)
    snmp_sk_alarm_aktiv                      0x10000208   Data           4  snmp_data_file.o(.data)
    snmp_sk_alarm                            0x1000020c   Data           4  snmp_data_file.o(.data)
    temp_ip                                  0x10000210   Data           4  snmp_data_file.o(.data)
    snmp_inv_number                          0x10000214   Data           6  snmp_data_file.o(.data)
    snmp_inv_voltage                         0x1000021a   Data           6  snmp_data_file.o(.data)
    snmp_inv_current                         0x10000220   Data           6  snmp_data_file.o(.data)
    snmp_inv_temperature                     0x10000226   Data           6  snmp_data_file.o(.data)
    snmp_inv_stat                            0x1000022c   Data           6  snmp_data_file.o(.data)
    snmp_dt_temper                           0x10000232   Data           6  snmp_data_file.o(.data)
    snmp_makb_connect_status                 0x10000238   Data           8  snmp_data_file.o(.data)
    snmp_makb_voltage0                       0x10000240   Data           8  snmp_data_file.o(.data)
    snmp_makb_voltage1                       0x10000248   Data           8  snmp_data_file.o(.data)
    snmp_makb_voltage2                       0x10000250   Data           8  snmp_data_file.o(.data)
    snmp_makb_voltage3                       0x10000258   Data           8  snmp_data_file.o(.data)
    snmp_makb_voltage4                       0x10000260   Data           8  snmp_data_file.o(.data)
    snmp_makb_temper0                        0x10000268   Data           8  snmp_data_file.o(.data)
    snmp_makb_temper1                        0x10000270   Data           8  snmp_data_file.o(.data)
    snmp_makb_temper2                        0x10000278   Data           8  snmp_data_file.o(.data)
    snmp_makb_temper3                        0x10000280   Data           8  snmp_data_file.o(.data)
    snmp_makb_temper4                        0x10000288   Data           8  snmp_data_file.o(.data)
    snmp_makb_temper0_stat                   0x10000290   Data           8  snmp_data_file.o(.data)
    snmp_makb_temper1_stat                   0x10000298   Data           8  snmp_data_file.o(.data)
    snmp_makb_temper2_stat                   0x100002a0   Data           8  snmp_data_file.o(.data)
    snmp_makb_temper3_stat                   0x100002a8   Data           8  snmp_data_file.o(.data)
    snmp_makb_temper4_stat                   0x100002b0   Data           8  snmp_data_file.o(.data)
    snmp_log                                 0x100002b8   Data        8192  snmp_data_file.o(.data)
    snmp_device_code                         0x100022b8   Data           2  snmp_data_file.o(.data)
    snmp_mains_power_alarm                   0x100022ba   Data           2  snmp_data_file.o(.data)
    snmp_makb_number                         0x100022bc   Data           8  snmp_data_file.o(.data)
    snmp_mib                                 0x100022c4   Data       11880  snmp_mib.o(.data)
    bOUT_FREE                                0x1000512c   Data           1  full_can.o(.data)
    bOUT_FREE2                               0x1000512d   Data           1  full_can.o(.data)
    can_reset_cnt                            0x1000512e   Data           1  full_can.o(.data)
    ptr_can1_tx_wr                           0x1000512f   Data           1  full_can.o(.data)
    ptr_can1_tx_rd                           0x10005130   Data           1  full_can.o(.data)
    ptr_can2_tx_wr                           0x10005131   Data           1  full_can.o(.data)
    ptr_can2_tx_rd                           0x10005132   Data           1  full_can.o(.data)
    bR                                       0x10005133   Data           1  full_can.o(.data)
    bIN                                      0x10005134   Data           1  full_can.o(.data)
    bIN2                                     0x10005135   Data           1  full_can.o(.data)
    TX_len                                   0x10005136   Data           1  full_can.o(.data)
    can_tx_cnt                               0x10005137   Data           1  full_can.o(.data)
    cnt_can_pal                              0x10005138   Data           1  full_can.o(.data)
    plazma_can_pal_index                     0x10005139   Data           1  full_can.o(.data)
    plazma_can                               0x1000513a   Data           1  full_can.o(.data)
    plazma_can1                              0x1000513b   Data           1  full_can.o(.data)
    plazma_can2                              0x1000513c   Data           1  full_can.o(.data)
    plazma_can3                              0x1000513d   Data           1  full_can.o(.data)
    plazma_can4                              0x1000513e   Data           1  full_can.o(.data)
    gCANFilter                               0x10005140   Data           2  full_can.o(.data)
    can2_tx_cnt                              0x10005142   Data           2  full_can.o(.data)
    CANStatus                                0x10005144   Data           4  full_can.o(.data)
    bMODBUS_TIMEOUT                          0x10005148   Data           1  modbus.o(.data)
    modbus_rx_buffer_ptr                     0x10005149   Data           1  modbus.o(.data)
    modbus_rx_counter                        0x1000514a   Data           1  modbus.o(.data)
    modbus_plazma                            0x1000514c   Data           2  modbus.o(.data)
    modbus_plazma1                           0x1000514e   Data           2  modbus.o(.data)
    modbus_plazma2                           0x10005150   Data           2  modbus.o(.data)
    modbus_plazma3                           0x10005152   Data           2  modbus.o(.data)
    sc16is700ByteAvailable                   0x10005154   Data           1  sc16is7xx.o(.data)
    sc16is700TxFifoLevel                     0x10005155   Data           1  sc16is7xx.o(.data)
    tx_wr_index_sc16is700                    0x10005156   Data           1  sc16is7xx.o(.data)
    tx_rd_index_sc16is700                    0x10005157   Data           1  sc16is7xx.o(.data)
    sc16is700TxFifoEmptyCnt                  0x10005158   Data           1  sc16is7xx.o(.data)
    sc16is700TxPossibleFlag                  0x10005159   Data           1  sc16is7xx.o(.data)
    sc16is700RecieveDisableFlag              0x1000515a   Data           1  sc16is7xx.o(.data)
    zTTButteryCnter                          0x1000515c   Data           1  ztt.o(.data)
    zTTBatteryHndlPhase                      0x1000515d   Data           1  ztt.o(.data)
    zTTRequestPhase                          0x1000515e   Data           1  ztt.o(.data)
    zTTBatteryHndlCmnd                       0x1000515f   Data           1  ztt.o(.data)
    zTTSilentCnt                             0x10005160   Data           6  ztt.o(.data)
    iap_entry                                0x1000516c   Data           4  emac_lpc17xx.o(.data)
    sys_tick                                 0x10005178   Data           1  at_system.o(.data)
    sec_tick                                 0x10005179   Data           1  at_system.o(.data)
    timer_cnt                                0x1000517c   Data           2  at_system.o(.data)
    arp_table                                0x10005184   Data         140  net_config_http.o(.bss)
    udp_socket                               0x10005210   Data          60  net_config_http.o(.bss)
    mess                                     0x1000524c   Data          10  mess.o(.bss)
    mess_old                                 0x10005256   Data          10  mess.o(.bss)
    mess_cnt                                 0x10005260   Data          10  mess.o(.bss)
    mess_par0                                0x1000526c   Data          40  mess.o(.bss)
    mess_par1                                0x10005294   Data          40  mess.o(.bss)
    bat                                      0x100052bc   Data         152  main.o(.bss)
    makb                                     0x10005354   Data         168  main.o(.bss)
    lakb                                     0x100053fc   Data         192  main.o(.bss)
    li_bat                                   0x100054bc   Data          24  main.o(.bss)
    bps                                      0x100054d4   Data        2668  main.o(.bss)
    inv                                      0x10005f40   Data        1920  main.o(.bss)
    byps                                     0x100066c0   Data          14  main.o(.bss)
    lcd_bitmap                               0x100066ce   Data        1024  main.o(.bss)
    ND_EXT                                   0x10006ad0   Data          12  main.o(.bss)
    tst_state                                0x10006adc   Data          15  main.o(.bss)
    content                                  0x10006aeb   Data          63  main.o(.bss)
    ibt                                      0x10006b2a   Data          30  main.o(.bss)
    avt_stat                                 0x10006b48   Data          12  main.o(.bss)
    b_ind                                    0x10006b54   Data          50  main.o(.bss)
    eb2_data_short                           0x10006b86   Data          20  main.o(.bss)
    avt_stat_old                             0x10006b9a   Data          12  main.o(.bss)
    bat_drv_rx_buff                          0x10006ba6   Data         512  main.o(.bss)
    ica_plazma                               0x10006da6   Data          10  main.o(.bss)
    snmp_location                            0x10006dc4   Data         100  snmp_data_file.o(.bss)
    snmp_bps_number                          0x10006e28   Data          16  snmp_data_file.o(.bss)
    snmp_bps_voltage                         0x10006e38   Data          16  snmp_data_file.o(.bss)
    snmp_bps_current                         0x10006e48   Data          16  snmp_data_file.o(.bss)
    snmp_bps_temperature                     0x10006e58   Data          16  snmp_data_file.o(.bss)
    snmp_bps_stat                            0x10006e68   Data          16  snmp_data_file.o(.bss)
    snmp_spc_trap_message                    0x10006e78   Data         100  snmp_data_file.o(.bss)
    snmp_avt_number                          0x10006edc   Data          12  snmp_data_file.o(.bss)
    snmp_avt_stat                            0x10006ee8   Data          12  snmp_data_file.o(.bss)
    snmp_sk_name                             0x10006ef4   Data          80  snmp_data_file.o(.bss)
    snmp_lakb_number                         0x10006f44   Data          14  snmp_data_file.o(.bss)
    snmp_lakb_voltage                        0x10006f52   Data          14  snmp_data_file.o(.bss)
    snmp_lakb_max_cell_voltage               0x10006f60   Data          14  snmp_data_file.o(.bss)
    snmp_lakb_min_cell_voltage               0x10006f6e   Data          14  snmp_data_file.o(.bss)
    snmp_lakb_max_cell_temperature           0x10006f7c   Data          14  snmp_data_file.o(.bss)
    snmp_lakb_min_cell_temperature           0x10006f8a   Data          14  snmp_data_file.o(.bss)
    snmp_lakb_ch_curr                        0x10006f98   Data          14  snmp_data_file.o(.bss)
    snmp_lakb_dsch_curr                      0x10006fa6   Data          14  snmp_data_file.o(.bss)
    snmp_lakb_rat_cap                        0x10006fb4   Data          14  snmp_data_file.o(.bss)
    snmp_lakb_soh                            0x10006fc2   Data          14  snmp_data_file.o(.bss)
    snmp_lakb_soc                            0x10006fd0   Data          14  snmp_data_file.o(.bss)
    snmp_lakb_cclv                           0x10006fde   Data          14  snmp_data_file.o(.bss)
    snmp_lakb_rbt                            0x10006fec   Data          14  snmp_data_file.o(.bss)
    snmp_lakb_flags1                         0x10006ffa   Data          14  snmp_data_file.o(.bss)
    snmp_lakb_flags2                         0x10007008   Data          14  snmp_data_file.o(.bss)
    obj                                      0x10007016   Data          20  snmp_data_file.o(.bss)
    can1_info                                0x1000702c   Data          32  full_can.o(.bss)
    can1_id                                  0x1000704c   Data          32  full_can.o(.bss)
    can1_data                                0x1000706c   Data          32  full_can.o(.bss)
    can1_datb                                0x1000708c   Data          32  full_can.o(.bss)
    can2_info                                0x100070ac   Data          32  full_can.o(.bss)
    can2_id                                  0x100070cc   Data          32  full_can.o(.bss)
    can2_data                                0x100070ec   Data          32  full_can.o(.bss)
    can2_datb                                0x1000710c   Data          32  full_can.o(.bss)
    rotor_can                                0x1000712c   Data          12  full_can.o(.bss)
    gFullCANList                             0x10007138   Data          24  full_can.o(.bss)
    RXBUFF                                   0x10007150   Data          40  full_can.o(.bss)
    TXBUFF                                   0x10007178   Data          40  full_can.o(.bss)
    can_rotor                                0x100071a0   Data          10  full_can.o(.bss)
    can_debug_plazma                         0x100071aa   Data          20  full_can.o(.bss)
    plazma_can_pal                           0x100071be   Data          20  full_can.o(.bss)
    ccc_plazma                               0x100071d2   Data          20  full_can.o(.bss)
    tx_buffer_sc16is700                      0x100071e6   Data          32  sc16is7xx.o(.bss)
    plazma_modbus_tcp                        0x10007206   Data          20  modbus_tcp.o(.bss)
    own_hw_adr                               0x2007c000   Data           6  net_config_http.o(.data)
    snmp_PortNum                             0x2007c006   Data           2  net_config_http.o(.data)
    snmp_Community                           0x2007c008   Data           7  net_config_http.o(.data)
    mess_data                                0x2007c010   Data           8  mess.o(.data)
    retind                                   0x2007c018   Data           1  ret.o(.data)
    retsub                                   0x2007c019   Data           1  ret.o(.data)
    retindsec                                0x2007c01a   Data           1  ret.o(.data)
    f0                                       0x2007c01b   Data           1  ret.o(.data)
    fc0                                      0x2007c01c   Data           1  ret.o(.data)
    f1                                       0x2007c01d   Data           1  ret.o(.data)
    fc1                                      0x2007c01e   Data           1  ret.o(.data)
    ret_duty                                 0x2007c020   Data           2  ret.o(.data)
    retcnt                                   0x2007c024   Data           4  ret.o(.data)
    retcntsec                                0x2007c028   Data           4  ret.o(.data)
    cnt_of_slave                             0x2007c02c   Data           1  main.o(.data)
    first_inv_slot                           0x2007c02d   Data           1  main.o(.data)
    mnemo_cnt                                0x2007c02e   Data           1  main.o(.data)
    bRESET                                   0x2007c02f   Data           1  main.o(.data)
    bRESET_EXT                               0x2007c030   Data           1  main.o(.data)
    bRESET_INT_WDT                           0x2007c031   Data           1  main.o(.data)
    bRESET_EXT_WDT                           0x2007c032   Data           1  main.o(.data)
    tbatdisable_cmnd                         0x2007c033   Data           1  main.o(.data)
    tloaddisable_cmnd                        0x2007c034   Data           1  main.o(.data)
    ips_bat_av_stat                          0x2007c035   Data           1  main.o(.data)
    b10000Hz                                 0x2007c043   Data           1  main.o(.data)
    b1000Hz                                  0x2007c044   Data           1  main.o(.data)
    b2000Hz                                  0x2007c045   Data           1  main.o(.data)
    b100Hz                                   0x2007c046   Data           1  main.o(.data)
    b50Hz                                    0x2007c047   Data           1  main.o(.data)
    b10Hz                                    0x2007c048   Data           1  main.o(.data)
    b5Hz                                     0x2007c049   Data           1  main.o(.data)
    b2Hz                                     0x2007c04a   Data           1  main.o(.data)
    b1Hz                                     0x2007c04b   Data           1  main.o(.data)
    b1min                                    0x2007c04c   Data           1  main.o(.data)
    bFL5                                     0x2007c04d   Data           1  main.o(.data)
    bFL2                                     0x2007c04e   Data           1  main.o(.data)
    bFL                                      0x2007c04f   Data           1  main.o(.data)
    bFL_                                     0x2007c050   Data           1  main.o(.data)
    bTPS                                     0x2007c051   Data           1  main.o(.data)
    RELEVENTSIGN                             0x2007c052   Data           1  main.o(.data)
    NPN_OUT                                  0x2007c053   Data           1  main.o(.data)
    NPN_SIGN                                 0x2007c054   Data           1  main.o(.data)
    APV_ON1                                  0x2007c055   Data           1  main.o(.data)
    APV_ON2                                  0x2007c056   Data           1  main.o(.data)
    AVZ                                      0x2007c057   Data           1  main.o(.data)
    MNEMO_ON                                 0x2007c058   Data           1  main.o(.data)
    lakb_error_cnt                           0x2007c059   Data           1  main.o(.data)
    phase                                    0x2007c05a   Data           1  main.o(.data)
    simax                                    0x2007c05b   Data           1  main.o(.data)
    bFF                                      0x2007c05c   Data           1  main.o(.data)
    bFF_                                     0x2007c05d   Data           1  main.o(.data)
    net_av                                   0x2007c05e   Data           1  main.o(.data)
    but                                      0x2007c05f   Data           1  main.o(.data)
    but0_cnt                                 0x2007c060   Data           1  main.o(.data)
    but1_cnt                                 0x2007c061   Data           1  main.o(.data)
    but_onL_temp                             0x2007c062   Data           1  main.o(.data)
    cnt_net_drv                              0x2007c063   Data           1  main.o(.data)
    speed                                    0x2007c064   Data           1  main.o(.data)
    l_but                                    0x2007c065   Data           1  main.o(.data)
    n_but                                    0x2007c066   Data           1  main.o(.data)
    default_temp                             0x2007c067   Data           1  main.o(.data)
    plazma_plazma_plazma                     0x2007c068   Data           1  main.o(.data)
    ext_can_cnt                              0x2007c069   Data           1  main.o(.data)
    t_ext_can_nd                             0x2007c06a   Data           1  main.o(.data)
    bCAN_OFF                                 0x2007c06b   Data           1  main.o(.data)
    max_net_slot                             0x2007c06c   Data           1  main.o(.data)
    bCAN_INV                                 0x2007c06d   Data           1  main.o(.data)
    uout_av                                  0x2007c06e   Data           1  main.o(.data)
    socket_tcp                               0x2007c06f   Data           1  main.o(.data)
    main_10Hz_cnt                            0x2007c070   Data           2  main.o(.data)
    main_1Hz_cnt                             0x2007c072   Data           2  main.o(.data)
    ind_pointer                              0x2007c074   Data           2  main.o(.data)
    t0cnt                                    0x2007c076   Data           2  main.o(.data)
    t0cnt0                                   0x2007c078   Data           2  main.o(.data)
    t0cnt1                                   0x2007c07a   Data           2  main.o(.data)
    t0cnt2                                   0x2007c07c   Data           2  main.o(.data)
    t0cnt3                                   0x2007c07e   Data           2  main.o(.data)
    t0cnt4                                   0x2007c080   Data           2  main.o(.data)
    t0cnt5                                   0x2007c082   Data           2  main.o(.data)
    t0cntMin                                 0x2007c084   Data           2  main.o(.data)
    UMAX                                     0x2007c086   Data           2  main.o(.data)
    UB0                                      0x2007c088   Data           2  main.o(.data)
    UB20                                     0x2007c08a   Data           2  main.o(.data)
    TMAX                                     0x2007c08c   Data           2  main.o(.data)
    TSIGN                                    0x2007c08e   Data           2  main.o(.data)
    AV_OFF_AVT                               0x2007c090   Data           2  main.o(.data)
    USIGN                                    0x2007c092   Data           2  main.o(.data)
    UMN                                      0x2007c094   Data           2  main.o(.data)
    ZV_ON                                    0x2007c096   Data           2  main.o(.data)
    IKB                                      0x2007c098   Data           2  main.o(.data)
    UVZ                                      0x2007c09a   Data           2  main.o(.data)
    IMAX                                     0x2007c09c   Data           2  main.o(.data)
    IMIN                                     0x2007c09e   Data           2  main.o(.data)
    IZMAX                                    0x2007c0a0   Data           2  main.o(.data)
    U0B                                      0x2007c0a2   Data           2  main.o(.data)
    TZAS                                     0x2007c0a4   Data           2  main.o(.data)
    VZ_HR                                    0x2007c0a6   Data           2  main.o(.data)
    TBAT                                     0x2007c0a8   Data           2  main.o(.data)
    U_AVT                                    0x2007c0aa   Data           2  main.o(.data)
    DU                                       0x2007c0ac   Data           2  main.o(.data)
    PAR                                      0x2007c0ae   Data           2  main.o(.data)
    TBATMAX                                  0x2007c0b0   Data           2  main.o(.data)
    TBATSIGN                                 0x2007c0b2   Data           2  main.o(.data)
    UBM_AV                                   0x2007c0b4   Data           2  main.o(.data)
    RELE_LOG                                 0x2007c0b6   Data           2  main.o(.data)
    TBOXMAX                                  0x2007c0b8   Data           2  main.o(.data)
    TBOXREG                                  0x2007c0ba   Data           2  main.o(.data)
    TBOXVENTMAX                              0x2007c0bc   Data           2  main.o(.data)
    TLOADDISABLE                             0x2007c0be   Data           2  main.o(.data)
    TLOADENABLE                              0x2007c0c0   Data           2  main.o(.data)
    TBATDISABLE                              0x2007c0c2   Data           2  main.o(.data)
    TBATENABLE                               0x2007c0c4   Data           2  main.o(.data)
    TVENTON                                  0x2007c0c6   Data           2  main.o(.data)
    TVENTOFF                                 0x2007c0c8   Data           2  main.o(.data)
    TZNPN                                    0x2007c0ca   Data           2  main.o(.data)
    UONPN                                    0x2007c0cc   Data           2  main.o(.data)
    UVNPN                                    0x2007c0ce   Data           2  main.o(.data)
    TERMOKOMPENS                             0x2007c0d0   Data           2  main.o(.data)
    TBOXWARMON                               0x2007c0d2   Data           2  main.o(.data)
    TBOXWARMOFF                              0x2007c0d4   Data           2  main.o(.data)
    BAT_TYPE                                 0x2007c0d6   Data           2  main.o(.data)
    DU_LI_BAT                                0x2007c0d8   Data           2  main.o(.data)
    FORVARDBPSCHHOUR                         0x2007c0da   Data           2  main.o(.data)
    NUMBAT                                   0x2007c0dc   Data           2  main.o(.data)
    NUMBAT_TELECORE                          0x2007c0de   Data           2  main.o(.data)
    NUMIST                                   0x2007c0e0   Data           2  main.o(.data)
    NUMINV                                   0x2007c0e2   Data           2  main.o(.data)
    NUMDT                                    0x2007c0e4   Data           2  main.o(.data)
    NUMSK                                    0x2007c0e6   Data           2  main.o(.data)
    NUMEXT                                   0x2007c0e8   Data           2  main.o(.data)
    NUMAVT                                   0x2007c0ea   Data           2  main.o(.data)
    NUMMAKB                                  0x2007c0ec   Data           2  main.o(.data)
    NUMBYPASS                                0x2007c0ee   Data           2  main.o(.data)
    U_OUT_KONTR_MAX                          0x2007c0f0   Data           2  main.o(.data)
    U_OUT_KONTR_MIN                          0x2007c0f2   Data           2  main.o(.data)
    U_OUT_KONTR_DELAY                        0x2007c0f4   Data           2  main.o(.data)
    DOP_RELE_FUNC                            0x2007c0f6   Data           2  main.o(.data)
    CNTRL_HNDL_TIME                          0x2007c0f8   Data           2  main.o(.data)
    USODERG_LI_BAT                           0x2007c0fa   Data           2  main.o(.data)
    QSODERG_LI_BAT                           0x2007c0fc   Data           2  main.o(.data)
    TVENTMAX                                 0x2007c0fe   Data           2  main.o(.data)
    ICA_EN                                   0x2007c100   Data           2  main.o(.data)
    ICA_CH                                   0x2007c102   Data           2  main.o(.data)
    ICA_MODBUS_ADDRESS                       0x2007c104   Data           2  main.o(.data)
    ICA_MODBUS_TCP_IP1                       0x2007c106   Data           2  main.o(.data)
    ICA_MODBUS_TCP_IP2                       0x2007c108   Data           2  main.o(.data)
    ICA_MODBUS_TCP_IP3                       0x2007c10a   Data           2  main.o(.data)
    ICA_MODBUS_TCP_IP4                       0x2007c10c   Data           2  main.o(.data)
    ICA_MODBUS_TCP_UNIT_ID                   0x2007c10e   Data           2  main.o(.data)
    PWM_START                                0x2007c110   Data           2  main.o(.data)
    KB_ALGORITM                              0x2007c112   Data           2  main.o(.data)
    REG_SPEED                                0x2007c114   Data           2  main.o(.data)
    APV_ON2_TIME                             0x2007c116   Data           2  main.o(.data)
    BAT_IS_ON                                0x2007c118   Data           2  main.o(.data)
    AUSW_MAIN                                0x2007c11a   Data           2  main.o(.data)
    HOUR_AVZ                                 0x2007c11c   Data           2  main.o(.data)
    MIN_AVZ                                  0x2007c11e   Data           2  main.o(.data)
    SEC_AVZ                                  0x2007c120   Data           2  main.o(.data)
    DATE_AVZ                                 0x2007c122   Data           2  main.o(.data)
    MONTH_AVZ                                0x2007c124   Data           2  main.o(.data)
    YEAR_AVZ                                 0x2007c126   Data           2  main.o(.data)
    AVZ_TIME                                 0x2007c128   Data           2  main.o(.data)
    MNEMO_TIME                               0x2007c12a   Data           2  main.o(.data)
    POWER_CNT_ADRESS                         0x2007c12c   Data           2  main.o(.data)
    ETH_IS_ON                                0x2007c12e   Data           2  main.o(.data)
    ETH_DHCP_ON                              0x2007c130   Data           2  main.o(.data)
    ETH_IP_1                                 0x2007c132   Data           2  main.o(.data)
    ETH_IP_2                                 0x2007c134   Data           2  main.o(.data)
    ETH_IP_3                                 0x2007c136   Data           2  main.o(.data)
    ETH_IP_4                                 0x2007c138   Data           2  main.o(.data)
    ETH_MASK_1                               0x2007c13a   Data           2  main.o(.data)
    ETH_MASK_2                               0x2007c13c   Data           2  main.o(.data)
    ETH_MASK_3                               0x2007c13e   Data           2  main.o(.data)
    ETH_MASK_4                               0x2007c140   Data           2  main.o(.data)
    ETH_TRAP1_IP_1                           0x2007c142   Data           2  main.o(.data)
    ETH_TRAP1_IP_2                           0x2007c144   Data           2  main.o(.data)
    ETH_TRAP1_IP_3                           0x2007c146   Data           2  main.o(.data)
    ETH_TRAP1_IP_4                           0x2007c148   Data           2  main.o(.data)
    ETH_TRAP2_IP_1                           0x2007c14a   Data           2  main.o(.data)
    ETH_TRAP2_IP_2                           0x2007c14c   Data           2  main.o(.data)
    ETH_TRAP2_IP_3                           0x2007c14e   Data           2  main.o(.data)
    ETH_TRAP2_IP_4                           0x2007c150   Data           2  main.o(.data)
    ETH_TRAP3_IP_1                           0x2007c152   Data           2  main.o(.data)
    ETH_TRAP3_IP_2                           0x2007c154   Data           2  main.o(.data)
    ETH_TRAP3_IP_3                           0x2007c156   Data           2  main.o(.data)
    ETH_TRAP3_IP_4                           0x2007c158   Data           2  main.o(.data)
    ETH_TRAP4_IP_1                           0x2007c15a   Data           2  main.o(.data)
    ETH_TRAP4_IP_2                           0x2007c15c   Data           2  main.o(.data)
    ETH_TRAP4_IP_3                           0x2007c15e   Data           2  main.o(.data)
    ETH_TRAP4_IP_4                           0x2007c160   Data           2  main.o(.data)
    ETH_TRAP5_IP_1                           0x2007c162   Data           2  main.o(.data)
    ETH_TRAP5_IP_2                           0x2007c164   Data           2  main.o(.data)
    ETH_TRAP5_IP_3                           0x2007c166   Data           2  main.o(.data)
    ETH_TRAP5_IP_4                           0x2007c168   Data           2  main.o(.data)
    ETH_SNMP_PORT_READ                       0x2007c16a   Data           2  main.o(.data)
    ETH_SNMP_PORT_WRITE                      0x2007c16c   Data           2  main.o(.data)
    ETH_GW_1                                 0x2007c16e   Data           2  main.o(.data)
    ETH_GW_2                                 0x2007c170   Data           2  main.o(.data)
    ETH_GW_3                                 0x2007c172   Data           2  main.o(.data)
    ETH_GW_4                                 0x2007c174   Data           2  main.o(.data)
    RELE_VENT_LOGIC                          0x2007c176   Data           2  main.o(.data)
    MODBUS_ADRESS                            0x2007c178   Data           2  main.o(.data)
    MODBUS_BAUDRATE                          0x2007c17a   Data           2  main.o(.data)
    BAT_LINK                                 0x2007c17c   Data           2  main.o(.data)
    Ib_ips_termokompensat                    0x2007c17e   Data           2  main.o(.data)
    load_U                                   0x2007c180   Data           2  main.o(.data)
    load_I                                   0x2007c182   Data           2  main.o(.data)
    bps_U                                    0x2007c184   Data           2  main.o(.data)
    out_U                                    0x2007c186   Data           2  main.o(.data)
    bps_I                                    0x2007c188   Data           2  main.o(.data)
    av_j_si_max                              0x2007c18a   Data           2  main.o(.data)
    net_U                                    0x2007c18c   Data           2  main.o(.data)
    net_Ua                                   0x2007c18e   Data           2  main.o(.data)
    net_Ub                                   0x2007c190   Data           2  main.o(.data)
    net_Uc                                   0x2007c192   Data           2  main.o(.data)
    net_F                                    0x2007c194   Data           2  main.o(.data)
    hz_out                                   0x2007c196   Data           2  main.o(.data)
    hz_out_cnt                               0x2007c198   Data           2  main.o(.data)
    t_box                                    0x2007c19a   Data           2  main.o(.data)
    t_box_warm                               0x2007c19c   Data           2  main.o(.data)
    u_necc                                   0x2007c19e   Data           2  main.o(.data)
    av_beep                                  0x2007c1a0   Data           2  main.o(.data)
    av_rele                                  0x2007c1a2   Data           2  main.o(.data)
    Isumm                                    0x2007c1a4   Data           2  main.o(.data)
    Uvv0                                     0x2007c1a6   Data           2  main.o(.data)
    pos_vent                                 0x2007c1a8   Data           2  main.o(.data)
    power_current                            0x2007c1aa   Data           2  main.o(.data)
    main_vent_pos                            0x2007c1ac   Data           2  main.o(.data)
    plazma_but_an                            0x2007c1ae   Data           2  main.o(.data)
    bIBAT_SMKLBR                             0x2007c1b0   Data           2  main.o(.data)
    TELECORE2015_KLIMAT_WARM_SIGNAL          0x2007c1b2   Data           2  main.o(.data)
    TELECORE2015_KLIMAT_VENT_SIGNAL          0x2007c1b4   Data           2  main.o(.data)
    TELECORE2015_KLIMAT_WARM_ON              0x2007c1b6   Data           2  main.o(.data)
    TELECORE2015_KLIMAT_WARM_OFF             0x2007c1b8   Data           2  main.o(.data)
    TELECORE2015_KLIMAT_CAP                  0x2007c1ba   Data           2  main.o(.data)
    TELECORE2015_KLIMAT_VENT_ON              0x2007c1bc   Data           2  main.o(.data)
    TELECORE2015_KLIMAT_VENT_OFF             0x2007c1be   Data           2  main.o(.data)
    TELECORE2015_KLIMAT_VVENT_ON             0x2007c1c0   Data           2  main.o(.data)
    TELECORE2015_KLIMAT_VVENT_OFF            0x2007c1c2   Data           2  main.o(.data)
    speedChrgCurr                            0x2007c1c4   Data           2  main.o(.data)
    speedChrgVolt                            0x2007c1c6   Data           2  main.o(.data)
    speedChrgTimeInHour                      0x2007c1c8   Data           2  main.o(.data)
    speedChrgAvtEn                           0x2007c1ca   Data           2  main.o(.data)
    speedChrgDU                              0x2007c1cc   Data           2  main.o(.data)
    speedChIsOn                              0x2007c1ce   Data           2  main.o(.data)
    speedChrgBlckSrc                         0x2007c1d0   Data           2  main.o(.data)
    speedChrgBlckLog                         0x2007c1d2   Data           2  main.o(.data)
    speedChrgBlckStat                        0x2007c1d4   Data           2  main.o(.data)
    ipsBlckSrc                               0x2007c1d6   Data           2  main.o(.data)
    ipsBlckLog                               0x2007c1d8   Data           2  main.o(.data)
    outVoltContrHndlCnt                      0x2007c1da   Data           2  main.o(.data)
    parol                                    0x2007c1dc   Data           3  main.o(.data)
    sk_stat                                  0x2007c1df   Data           4  main.o(.data)
    sk_av_stat                               0x2007c1e3   Data           4  main.o(.data)
    tick                                     0x2007c1e8   Data           4  main.o(.data)
    BAT_DAY_OF_ON                            0x2007c1ec   Data           4  main.o(.data)
    BAT_MONTH_OF_ON                          0x2007c1f0   Data           4  main.o(.data)
    BAT_YEAR_OF_ON                           0x2007c1f4   Data           4  main.o(.data)
    BAT_C_NOM                                0x2007c1f8   Data           4  main.o(.data)
    BAT_RESURS                               0x2007c1fc   Data           4  main.o(.data)
    BAT_C_REAL                               0x2007c200   Data           4  main.o(.data)
    AUSW_MAIN_NUMBER                         0x2007c204   Data           4  main.o(.data)
    sk_cnt                                   0x2007c208   Data           4  main.o(.data)
    bSILENT                                  0x2007c20c   Data           4  main.o(.data)
    but_n                                    0x2007c210   Data           4  main.o(.data)
    but_s                                    0x2007c214   Data           4  main.o(.data)
    power_summary                            0x2007c218   Data           4  main.o(.data)
    speedChTimeCnt                           0x2007c21c   Data           4  main.o(.data)
    a_ind                                    0x2007c220   Data           5  main.o(.data)
    c_ind                                    0x2007c225   Data           5  main.o(.data)
    TMAX_EXT_EN                              0x2007c22a   Data           6  main.o(.data)
    TMAX_EXT                                 0x2007c230   Data           6  main.o(.data)
    TMIN_EXT_EN                              0x2007c236   Data           6  main.o(.data)
    TMIN_EXT                                 0x2007c23c   Data           6  main.o(.data)
    T_EXT_REL_EN                             0x2007c242   Data           6  main.o(.data)
    T_EXT_ZVUK_EN                            0x2007c248   Data           6  main.o(.data)
    T_EXT_LCD_EN                             0x2007c24e   Data           6  main.o(.data)
    T_EXT_RS_EN                              0x2007c254   Data           6  main.o(.data)
    t_ext                                    0x2007c25a   Data           6  main.o(.data)
    Uvv                                      0x2007c260   Data           6  main.o(.data)
    Uvv_eb2                                  0x2007c266   Data           6  main.o(.data)
    Upes_eb2                                 0x2007c26c   Data           6  main.o(.data)
    SK_SIGN                                  0x2007c272   Data           8  main.o(.data)
    SK_REL_EN                                0x2007c27a   Data           8  main.o(.data)
    SK_ZVUK_EN                               0x2007c282   Data           8  main.o(.data)
    SK_LCD_EN                                0x2007c28a   Data           8  main.o(.data)
    SK_RS_EN                                 0x2007c292   Data           8  main.o(.data)
    lcd_buffer                               0x2007c29a   Data         300  main.o(.data)
    Kuout                                    0x2007c3c6   Data           2  main.o(.data)
    tbatdisable_stat                         0x2007c3c8   Data           1  main.o(.data)
    vvent_stat_k                             0x2007c3c9   Data           1  main.o(.data)
    npn_stat                                 0x2007c3ca   Data           1  main.o(.data)
    Kubatm                                   0x2007c3cc   Data           4  main.o(.data)
    Kibat1                                   0x2007c3d0   Data           4  main.o(.data)
    Ktext                                    0x2007c3d4   Data           6  main.o(.data)
    Kuload                                   0x2007c3da   Data           2  main.o(.data)
    KunetB                                   0x2007c3dc   Data           2  main.o(.data)
    Kubps                                    0x2007c3de   Data           2  main.o(.data)
    APV_ON                                   0x2007c3e0   Data           2  main.o(.data)
    TWARMOFF                                 0x2007c3e2   Data           2  main.o(.data)
    TBOXVENTOFF                              0x2007c3e4   Data           2  main.o(.data)
    AUSW_MONTH                               0x2007c3e6   Data           2  main.o(.data)
    AUSW_UKU                                 0x2007c3e8   Data           2  main.o(.data)
    AUSW_UKU_NUMBER                          0x2007c3ec   Data           4  main.o(.data)
    AUSW_BPS2_NUMBER                         0x2007c3f0   Data           4  main.o(.data)
    AUSW_RS232                               0x2007c3f4   Data           2  main.o(.data)
    AUSW_SDH                                 0x2007c3f6   Data           2  main.o(.data)
    bat_u_old_cnt                            0x2007c3f8   Data           2  main.o(.data)
    lakb_stat_comm_error                     0x2007c3fa   Data           2  main.o(.data)
    lakbKanErrorStat                         0x2007c3fc   Data           2  main.o(.data)
    unet_drv_cnt                             0x2007c3fe   Data           1  main.o(.data)
    sk_av_stat_old                           0x2007c3ff   Data           4  main.o(.data)
    t_box_vent                               0x2007c404   Data           2  main.o(.data)
    u_necc_dn                                0x2007c406   Data           2  main.o(.data)
    Isumm_                                   0x2007c408   Data           2  main.o(.data)
    sign_I                                   0x2007c40a   Data           2  main.o(.data)
    t_ext_can                                0x2007c40c   Data           2  main.o(.data)
    Kvv_eb2                                  0x2007c40e   Data           6  main.o(.data)
    power_summary_tempo                      0x2007c414   Data           4  main.o(.data)
    power_current_tempo_old                  0x2007c418   Data           2  main.o(.data)
    powerSummaryCnt                          0x2007c41a   Data           1  main.o(.data)
    t_box_warm_on_cnt                        0x2007c41c   Data           2  main.o(.data)
    TELECORE2015_KLIMAT_WARM_ON_temp         0x2007c41e   Data           2  main.o(.data)
    bat_drv_rx_cnt                           0x2007c420   Data           2  main.o(.data)
    plazma_bat_drv1                          0x2007c422   Data           2  main.o(.data)
    outVoltContrHndlCnt_                     0x2007c424   Data           2  main.o(.data)
    ica_timer_cnt                            0x2007c426   Data           1  main.o(.data)
    ica_my_current                           0x2007c428   Data           2  main.o(.data)
    ica_u_necc                               0x2007c42a   Data           2  main.o(.data)
    snmp_mains_power_status                  0x2007c42c   Data           2  snmp_data_file.o(.data)
    SystemFrequency                          0x2007c430   Data           4  system_lpc17xx.o(.data)
    timer0_counter                           0x2007c434   Data           4  timer.o(.data)
    timer1_counter                           0x2007c438   Data           4  timer.o(.data)
    beep_stat_cnt                            0x2007c43d   Data           1  beep.o(.data)
    beep_cnt                                 0x2007c43e   Data           1  beep.o(.data)
    bU_BAT2REL_AV_BAT                        0x2007c43f   Data           1  beep.o(.data)
    beep_stat_temp                           0x2007c440   Data           4  beep.o(.data)
    beep_stat                                0x2007c444   Data           4  beep.o(.data)
    b7705ch                                  0x2007c448   Data           1  ad7705.o(.data)
    ad7705_wrk_cnt                           0x2007c449   Data           1  ad7705.o(.data)
    ad7705_res1                              0x2007c44a   Data           2  ad7705.o(.data)
    ad7705_res2                              0x2007c44c   Data           2  ad7705.o(.data)
    ad7705_res                               0x2007c44e   Data           2  ad7705.o(.data)
    ad7705_plazma                            0x2007c450   Data           2  ad7705.o(.data)
    ad7705_buff_                             0x2007c452   Data           4  ad7705.o(.data)
    UART0TxEmpty                             0x2007c458   Data           1  uart0.o(.data)
    bRXIN0                                   0x2007c459   Data           1  uart0.o(.data)
    rx_buffer_overflow0                      0x2007c45a   Data           1  uart0.o(.data)
    plazma_uart0                             0x2007c45b   Data           1  uart0.o(.data)
    rx_wr_index0                             0x2007c45c   Data           2  uart0.o(.data)
    rx_rd_index0                             0x2007c45e   Data           2  uart0.o(.data)
    rx_counter0                              0x2007c460   Data           2  uart0.o(.data)
    tx_wr_index0                             0x2007c462   Data           2  uart0.o(.data)
    tx_rd_index0                             0x2007c464   Data           2  uart0.o(.data)
    tx_counter0                              0x2007c466   Data           2  uart0.o(.data)
    UART0Status                              0x2007c468   Data           4  uart0.o(.data)
    modbus_timeout_cnt                       0x2007c46c   Data           1  modbus.o(.data)
    mcp2515_can_st                           0x2007c46d   Data           1  mcp2515.o(.data)
    mcp2515_can_st_old                       0x2007c46e   Data           1  mcp2515.o(.data)
    bMCP2515_IN                              0x2007c46f   Data           1  mcp2515.o(.data)
    mcp2515_buff_wr_ptr                      0x2007c470   Data           1  mcp2515.o(.data)
    mcp2515_buff_rd_ptr                      0x2007c471   Data           1  mcp2515.o(.data)
    portForSacredSunBatteryIsInitiated       0x2007c472   Data           1  sacred_sun.o(.data)
    sacredSunBatteryHndlPhase                0x2007c473   Data           1  sacred_sun.o(.data)
    sacredSunRequestPhase                    0x2007c474   Data           1  sacred_sun.o(.data)
    sacredSunSilentCnt                       0x2007c476   Data           2  sacred_sun.o(.data)
    modbus_tcp_func                          0x2007c478   Data           1  modbus_tcp.o(.data)
    modbus_tcp_unit                          0x2007c479   Data           1  modbus_tcp.o(.data)
    modbus_tcp_rx_arg0                       0x2007c47a   Data           2  modbus_tcp.o(.data)
    modbus_tcp_rx_arg1                       0x2007c47c   Data           2  modbus_tcp.o(.data)
    modbus_tcp_out_ptr                       0x2007c480   Data           4  modbus_tcp.o(.data)
    snmp_SysUpTime                           0x2007c488   Data           4  at_snmp.o(.data)
    Mem_Pool                                 0x2007c498   Data       10384  net_config_http.o(.bss)
    tcp_socket                               0x2007ed28   Data         176  net_config_http.o(.bss)
    adc_buff                                 0x2007edd8   Data        1024  control.o(.bss)
    adc_buff_                                0x2007f1d8   Data          32  control.o(.bss)
    main_power_buffer                        0x2007f1f8   Data          32  control.o(.bss)
    lakb_damp                                0x2007f218   Data          42  main.o(.bss)
    eb2_data                                 0x2007f242   Data          30  main.o(.bss)
    snmp_community                           0x2007f260   Data          10  snmp_data_file.o(.bss)
    snmp_lakb_damp1                          0x2007f26a   Data         450  snmp_data_file.o(.bss)
    ad7705_buff                              0x2007f42c   Data          64  ad7705.o(.bss)
    UIB0                                     0x2007f46c   Data         100  uart0.o(.bss)
    rx_buffer0                               0x2007f4d0   Data        1024  uart0.o(.bss)
    tx_buffer0                               0x2007f8d0   Data        1024  uart0.o(.bss)
    modbus_rx_buffer                         0x2007fcd0   Data          30  modbus.o(.bss)
    modbus_an_buffer                         0x2007fcee   Data          30  modbus.o(.bss)
    modbus_tx_buff                           0x2007fd0c   Data         100  modbus.o(.bss)
    mcp2515_out_buff                         0x2007fd70   Data          64  mcp2515.o(.bss)
    liBatteryInBuff                          0x2007fdb0   Data         300  sacred_sun.o(.bss)
    localm                                   0x200829e0   Data          60  at_system.o(.bss)
    __initial_sp                             0x20083220   Data           0  startup_lpc17xx.o(STACK)



==============================================================================

Memory Map of the image

  Image Entry point : 0x000000cd

  Load Region LR_IROM1 (Base: 0x00000000, Size: 0x0003618c, Max: 0x00080000, ABSOLUTE, COMPRESSED[0x000319ac])

    Execution Region ER_IROM1 (Base: 0x00000000, Size: 0x00030b70, Max: 0x00080000, ABSOLUTE)

    Base Addr    Size         Type   Attr      Idx    E Section Name        Object

    0x00000000   0x000000cc   Data   RO            3    RESET               startup_lpc17xx.o
    0x000000cc   0x00000000   Code   RO         1566  * .ARM.Collect$$$$00000000  mc_w.l(entry.o)
    0x000000cc   0x00000004   Code   RO         1585    .ARM.Collect$$$$00000001  mc_w.l(entry2.o)
    0x000000d0   0x00000004   Code   RO         1588    .ARM.Collect$$$$00000004  mc_w.l(entry5.o)
    0x000000d4   0x00000008   Code   RO         1589    .ARM.Collect$$$$00000007  mc_w.l(entry7.o)
    0x000000dc   0x00000004   Code   RO         1586    .ARM.Collect$$$$00002712  mc_w.l(entry2.o)
    0x000000e0   0x0000001c   Code   RO            5    .text               startup_lpc17xx.o
    0x000000fc   0x00000044   Code   RO           13    .text               net_config_http.o
    0x00000140   0x000000e8   Code   RO          272    .text               mess.o
    0x00000228   0x00000038   Code   RO          288    .text               ret.o
    0x00000260   0x00000058   Code   RO          318    .text               gran.o
    0x000002b8   0x00000008   Code   RO         1569    .text               mc_w.l(isalnum_c.o)
    0x000002c0   0x00000008   Code   RO         1571    .text               mc_w.l(isdigit_c.o)
    0x000002c8   0x00000008   Code   RO         1573    .text               mc_w.l(islower_c.o)
    0x000002d0   0x00000008   Code   RO         1575    .text               mc_w.l(isupper_c.o)
    0x000002d8   0x00000024   Code   RO         1577    .text               mc_w.l(memcpya.o)
    0x000002fc   0x00000004   Code   RO            4    .ARM.__at_0x02FC    startup_lpc17xx.o
    0x00000300   0x00001212   Code   RO           65    .text               common_func.o
    0x00001512   0x00000002   PAD
    0x00001514   0x00003ad8   Code   RO          148    .text               control.o
    0x00004fec   0x000015d8   Code   RO          336    .text               avar_hndl.o
    0x000065c4   0x0001fe98   Code   RO          401    .text               main.o
    0x0002645c   0x00000818   Code   RO          667    .text               graphic.o
    0x00026c74   0x00000f28   Code   RO          681    .text               snmp_data_file.o
    0x00027b9c   0x00000e34   Code   RO          840    .text               memo.o
    0x000289d0   0x00000154   Code   RO          852    .text               system_lpc17xx.o
    0x00028b24   0x0000004c   Code   RO          874    .text               timer.o
    0x00028b70   0x00000178   Code   RO          942    .text               beep.o
    0x00028ce8   0x0000020c   Code   RO          957    .text               ad7705.o
    0x00028ef4   0x0000049c   Code   RO          981    .text               lcd_agm1232_uku207_3.o
    0x00029390   0x000004f8   Code   RO         1024    .text               25lc640.o
    0x00029888   0x00001f60   Code   RO         1054    .text               full_can.o
    0x0002b7e8   0x000006b8   Code   RO         1095    .text               uart0.o
    0x0002bea0   0x00000adc   Code   RO         1164    .text               modbus.o
    0x0002c97c   0x0000039c   Code   RO         1212    .text               mcp2515.o
    0x0002cd18   0x000000cc   Code   RO         1232    .text               sacred_sun.o
    0x0002cde4   0x00000248   Code   RO         1252    .text               sc16is7xx.o
    0x0002d02c   0x00000088   Code   RO         1277    .text               ztt.o
    0x0002d0b4   0x00000488   Code   RO         1295    .text               modbus_tcp.o
    0x0002d53c   0x00000454   Code   RO         1314    .text               emac_lpc17xx.o
    0x0002d990   0x00000010   Code   RO         1581    .text               mc_w.l(strlen.o)
    0x0002d9a0   0x00000028   Code   RO         1590    .text               mc_w.l(ctype_c.o)
    0x0002d9c8   0x00000024   Code   RO         1593    .text               mc_w.l(init.o)
    0x0002d9ec   0x0000005c   Code   RO         1603    .text               mc_w.l(__dczerorl2.o)
    0x0002da48   0x00000016   Code   RO         1462    i.CalcChksum        TCP_CM3.lib(at_lib.o)
    0x0002da5e   0x00000002   PAD
    0x0002da60   0x00000028   Code   RO         1463    i.CalcChksumBuf     TCP_CM3.lib(at_lib.o)
    0x0002da88   0x0000000a   Code   RO         1464    i.CalcChksumVal     TCP_CM3.lib(at_lib.o)
    0x0002da92   0x0000000a   Code   RO         1465    i.SwapB             TCP_CM3.lib(at_lib.o)
    0x0002da9c   0x0000000e   Code   RO         1597    i.__scatterload_copy  mc_w.l(handlers.o)
    0x0002daaa   0x00000002   Code   RO         1598    i.__scatterload_null  mc_w.l(handlers.o)
    0x0002daac   0x0000000e   Code   RO         1599    i.__scatterload_zeroinit  mc_w.l(handlers.o)
    0x0002daba   0x00000002   PAD
    0x0002dabc   0x000000ec   Code   RO         1411    i.add_object        TCP_CM3.lib(at_snmp.o)
    0x0002dba8   0x000000a4   Code   RO         1510    i.alloc_mem         TCP_CM3.lib(at_mem.o)
    0x0002dc4c   0x000000c4   Code   RO         1529    i.arp_cache_add     TCP_CM3.lib(at_arp.o)
    0x0002dd10   0x0000006c   Code   RO         1530    i.arp_cache_alloc   TCP_CM3.lib(at_arp.o)
    0x0002dd7c   0x00000118   Code   RO         1531    i.arp_cache_find    TCP_CM3.lib(at_arp.o)
    0x0002de94   0x000000f8   Code   RO         1533    i.arp_cache_update  TCP_CM3.lib(at_arp.o)
    0x0002df8c   0x00000068   Code   RO         1535    i.arp_get_response  TCP_CM3.lib(at_arp.o)
    0x0002dff4   0x0000009c   Code   RO         1536    i.arp_send_reply    TCP_CM3.lib(at_arp.o)
    0x0002e090   0x000000ac   Code   RO         1537    i.arp_send_req      TCP_CM3.lib(at_arp.o)
    0x0002e13c   0x00000046   Code   RO         1412    i.bind_tlv          TCP_CM3.lib(at_snmp.o)
    0x0002e182   0x0000003e   Code   RO         1413    i.bind_val          TCP_CM3.lib(at_snmp.o)
    0x0002e1c0   0x00000010   Code   RO         1443    i.eth_chk_adr       TCP_CM3.lib(at_ethernet.o)
    0x0002e1d0   0x00000098   Code   RO         1445    i.eth_send_frame    TCP_CM3.lib(at_ethernet.o)
    0x0002e268   0x00000068   Code   RO         1511    i.free_mem          TCP_CM3.lib(at_mem.o)
    0x0002e2d0   0x00000016   Code   RO         1472    i.get_u32           TCP_CM3.lib(at_lib.o)
    0x0002e2e6   0x0000002c   Code   RO         1414    i.get_value         TCP_CM3.lib(at_snmp.o)
    0x0002e312   0x0000000c   Code   RO         1415    i.ilen              TCP_CM3.lib(at_snmp.o)
    0x0002e31e   0x00000002   PAD
    0x0002e320   0x00000038   Code   RO         1520    i.init_TcpNet       TCP_CM3.lib(at_system.o)
    0x0002e358   0x00000028   Code   RO         1538    i.init_arp          TCP_CM3.lib(at_arp.o)
    0x0002e380   0x00000024   Code   RO         1446    i.init_eth_link     TCP_CM3.lib(at_ethernet.o)
    0x0002e3a4   0x00000024   Code   RO         1512    i.init_mem          TCP_CM3.lib(at_mem.o)
    0x0002e3c8   0x0000005c   Code   RO         1416    i.init_snmp         TCP_CM3.lib(at_snmp.o)
    0x0002e424   0x00000018   Code   RO         1337    i.init_tcp          TCP_CM3.lib(at_tcp.o)
    0x0002e43c   0x0000001c   Code   RO         1392    i.init_udp          TCP_CM3.lib(at_udp.o)
    0x0002e458   0x000000c4   Code   RO         1554    i.ip_chk_frame      TCP_CM3.lib(at_ip.o)
    0x0002e51c   0x0000000a   Code   RO         1555    i.ip_get_chksum     TCP_CM3.lib(at_ip.o)
    0x0002e526   0x00000002   PAD
    0x0002e528   0x00000098   Code   RO         1556    i.ip_get_locadr     TCP_CM3.lib(at_ip.o)
    0x0002e5c0   0x00000090   Code   RO         1557    i.ip_send_frame     TCP_CM3.lib(at_ip.o)
    0x0002e650   0x00000022   Code   RO         1473    i.is_subnet         TCP_CM3.lib(at_lib.o)
    0x0002e672   0x00000002   PAD
    0x0002e674   0x0000002c   Code   RO         1539    i.is_subnet_bcast   TCP_CM3.lib(at_arp.o)
    0x0002e6a0   0x0000003c   Code   RO         1521    i.main_TcpNet       TCP_CM3.lib(at_system.o)
    0x0002e6dc   0x0000001e   Code   RO         1474    i.mem_comp          TCP_CM3.lib(at_lib.o)
    0x0002e6fa   0x00000002   PAD
    0x0002e6fc   0x0000001c   Code   RO         1475    i.mem_copy          TCP_CM3.lib(at_lib.o)
    0x0002e718   0x00000010   Code   RO         1477    i.mem_set           TCP_CM3.lib(at_lib.o)
    0x0002e728   0x00000016   Code   RO         1478    i.mem_test          TCP_CM3.lib(at_lib.o)
    0x0002e73e   0x00000002   PAD
    0x0002e740   0x00000080   Code   RO         1417    i.mib_find          TCP_CM3.lib(at_snmp.o)
    0x0002e7c0   0x00000080   Code   RO         1418    i.mib_write         TCP_CM3.lib(at_snmp.o)
    0x0002e840   0x0000006c   Code   RO         1419    i.parse_tlv         TCP_CM3.lib(at_snmp.o)
    0x0002e8ac   0x00000002   Code   RO         1447    i.poll_ethernet     TCP_CM3.lib(at_ethernet.o)
    0x0002e8ae   0x00000002   PAD
    0x0002e8b0   0x00000098   Code   RO         1540    i.process_arp       TCP_CM3.lib(at_arp.o)
    0x0002e948   0x00000002   Code   RO         1448    i.process_hl_igmp   TCP_CM3.lib(at_ethernet.o)
    0x0002e94a   0x00000074   Code   RO         1564    i.process_icmp      TCP_CM3.lib(at_icmp.o)
    0x0002e9be   0x00000002   PAD
    0x0002e9c0   0x0000046c   Code   RO         1338    i.process_tcp       TCP_CM3.lib(at_tcp.o)
    0x0002ee2c   0x000000c4   Code   RO         1393    i.process_udp       TCP_CM3.lib(at_udp.o)
    0x0002eef0   0x0000002c   Code   RO         1449    i.put_in_queue      TCP_CM3.lib(at_ethernet.o)
    0x0002ef1c   0x00000034   Code   RO         1513    i.resize_mem        TCP_CM3.lib(at_mem.o)
    0x0002ef50   0x000000b0   Code   RO         1450    i.run_eth_link      TCP_CM3.lib(at_ethernet.o)
    0x0002f000   0x00000030   Code   RO         1420    i.run_snmp_agent    TCP_CM3.lib(at_snmp.o)
    0x0002f030   0x00000010   Code   RO         1479    i.set_u32           TCP_CM3.lib(at_lib.o)
    0x0002f040   0x00000036   Code   RO         1421    i.set_value         TCP_CM3.lib(at_snmp.o)
    0x0002f076   0x00000002   PAD
    0x0002f078   0x0000031c   Code   RO         1422    i.snmp_listener     TCP_CM3.lib(at_snmp.o)
    0x0002f394   0x0000025c   Code   RO         1424    i.snmp_trap         TCP_CM3.lib(at_snmp.o)
    0x0002f5f0   0x00000016   Code   RO         1480    i.str_copy          TCP_CM3.lib(at_lib.o)
    0x0002f606   0x00000010   Code   RO         1344    i.tcp_get_buf       TCP_CM3.lib(at_tcp.o)
    0x0002f616   0x00000002   PAD
    0x0002f618   0x00000048   Code   RO         1346    i.tcp_get_socket    TCP_CM3.lib(at_tcp.o)
    0x0002f660   0x00000014   Code   RO         1348    i.tcp_init_seq      TCP_CM3.lib(at_tcp.o)
    0x0002f674   0x0000007c   Code   RO         1349    i.tcp_listen        TCP_CM3.lib(at_tcp.o)
    0x0002f6f0   0x000000a0   Code   RO         1350    i.tcp_map_socket    TCP_CM3.lib(at_tcp.o)
    0x0002f790   0x000001f4   Code   RO         1352    i.tcp_poll_sockets  TCP_CM3.lib(at_tcp.o)
    0x0002f984   0x00000070   Code   RO         1353    i.tcp_process_opt   TCP_CM3.lib(at_tcp.o)
    0x0002f9f4   0x00000104   Code   RO         1357    i.tcp_send          TCP_CM3.lib(at_tcp.o)
    0x0002faf8   0x00000022   Code   RO         1358    i.tcp_send_ctrl     TCP_CM3.lib(at_tcp.o)
    0x0002fb1a   0x00000002   PAD
    0x0002fb1c   0x000000f4   Code   RO         1359    i.tcp_send_frame    TCP_CM3.lib(at_tcp.o)
    0x0002fc10   0x00000080   Code   RO         1360    i.tcp_send_reset    TCP_CM3.lib(at_tcp.o)
    0x0002fc90   0x00000012   Code   RO         1362    i.tcp_set_retransmit  TCP_CM3.lib(at_tcp.o)
    0x0002fca2   0x00000002   PAD
    0x0002fca4   0x00000074   Code   RO         1363    i.tcp_transit       TCP_CM3.lib(at_tcp.o)
    0x0002fd18   0x0000000c   Code   RO         1522    i.timer_tick        TCP_CM3.lib(at_system.o)
    0x0002fd24   0x00000010   Code   RO         1395    i.udp_get_buf       TCP_CM3.lib(at_udp.o)
    0x0002fd34   0x00000048   Code   RO         1396    i.udp_get_socket    TCP_CM3.lib(at_udp.o)
    0x0002fd7c   0x0000007c   Code   RO         1398    i.udp_open          TCP_CM3.lib(at_udp.o)
    0x0002fdf8   0x0000010c   Code   RO         1400    i.udp_send          TCP_CM3.lib(at_udp.o)
    0x0002ff04   0x00000014   Code   RO         1425    i.ulen              TCP_CM3.lib(at_snmp.o)
    0x0002ff18   0x0000003c   Data   RO           18    .constdata          net_config_http.o
    0x0002ff54   0x00000001   Data   RO           19    .constdata          net_config_http.o
    0x0002ff55   0x00000003   PAD
    0x0002ff58   0x00000004   Data   RO           20    .constdata          net_config_http.o
    0x0002ff5c   0x00000002   Data   RO           21    .constdata          net_config_http.o
    0x0002ff5e   0x00000002   Data   RO           22    .constdata          net_config_http.o
    0x0002ff60   0x00000002   Data   RO           23    .constdata          net_config_http.o
    0x0002ff62   0x00000001   Data   RO           24    .constdata          net_config_http.o
    0x0002ff63   0x00000001   Data   RO           25    .constdata          net_config_http.o
    0x0002ff64   0x00000001   Data   RO           26    .constdata          net_config_http.o
    0x0002ff65   0x00000001   Data   RO           27    .constdata          net_config_http.o
    0x0002ff66   0x00000001   Data   RO           28    .constdata          net_config_http.o
    0x0002ff67   0x00000001   PAD
    0x0002ff68   0x00000002   Data   RO           29    .constdata          net_config_http.o
    0x0002ff6a   0x00000002   Data   RO           30    .constdata          net_config_http.o
    0x0002ff6c   0x00000002   Data   RO           31    .constdata          net_config_http.o
    0x0002ff6e   0x00000002   Data   RO           32    .constdata          net_config_http.o
    0x0002ff70   0x00000001   Data   RO           34    .constdata          net_config_http.o
    0x0002ff71   0x00000001   Data   RO           35    .constdata          net_config_http.o
    0x0002ff72   0x00000004   Data   RO           36    .constdata          net_config_http.o
    0x0002ff76   0x00000004   Data   RO          165    .constdata          control.o
    0x0002ff7a   0x00000004   Data   RO          360    .constdata          eeprom_map.o
    0x0002ff7e   0x00000004   Data   RO          361    .constdata          eeprom_map.o
    0x0002ff82   0x00000004   Data   RO          362    .constdata          eeprom_map.o
    0x0002ff86   0x00000004   Data   RO          363    .constdata          eeprom_map.o
    0x0002ff8a   0x00000004   Data   RO          364    .constdata          eeprom_map.o
    0x0002ff8e   0x00000004   Data   RO          365    .constdata          eeprom_map.o
    0x0002ff92   0x00000004   Data   RO          366    .constdata          eeprom_map.o
    0x0002ff96   0x00000004   Data   RO          367    .constdata          eeprom_map.o
    0x0002ff9a   0x00000004   Data   RO          368    .constdata          eeprom_map.o
    0x0002ff9e   0x00000004   Data   RO          369    .constdata          eeprom_map.o
    0x0002ffa2   0x00000004   Data   RO          370    .constdata          eeprom_map.o
    0x0002ffa6   0x00000004   Data   RO          371    .constdata          eeprom_map.o
    0x0002ffaa   0x00000004   Data   RO          372    .constdata          eeprom_map.o
    0x0002ffae   0x00000004   Data   RO          373    .constdata          eeprom_map.o
    0x0002ffb2   0x00000006   Data   RO          374    .constdata          eeprom_map.o
    0x0002ffb8   0x00000006   Data   RO          375    .constdata          eeprom_map.o
    0x0002ffbe   0x00000006   Data   RO          376    .constdata          eeprom_map.o
    0x0002ffc4   0x00000006   Data   RO          377    .constdata          eeprom_map.o
    0x0002ffca   0x00000006   Data   RO          378    .constdata          eeprom_map.o
    0x0002ffd0   0x00000006   Data   RO          379    .constdata          eeprom_map.o
    0x0002ffd6   0x00000006   Data   RO          380    .constdata          eeprom_map.o
    0x0002ffdc   0x00000006   Data   RO          381    .constdata          eeprom_map.o
    0x0002ffe2   0x00000008   Data   RO          382    .constdata          eeprom_map.o
    0x0002ffea   0x00000008   Data   RO          383    .constdata          eeprom_map.o
    0x0002fff2   0x00000008   Data   RO          384    .constdata          eeprom_map.o
    0x0002fffa   0x00000008   Data   RO          385    .constdata          eeprom_map.o
    0x00030002   0x00000008   Data   RO          386    .constdata          eeprom_map.o
    0x0003000a   0x00000002   PAD
    0x0003000c   0x00000696   Data   RO          416    .constdata          main.o
    0x000306a2   0x00000011   Data   RO          417    .constdata          main.o
    0x000306b3   0x00000096   Data   RO          645    .constdata          simbols.o
    0x00030749   0x00000096   Data   RO          646    .constdata          simbols.o
    0x000307df   0x0000001e   Data   RO          647    .constdata          simbols.o
    0x000307fd   0x0000001e   Data   RO          648    .constdata          simbols.o
    0x0003081b   0x0000001e   Data   RO          649    .constdata          simbols.o
    0x00030839   0x0000001e   Data   RO          650    .constdata          simbols.o
    0x00030857   0x00000001   Data   RO          810    .constdata          snmp_mib.o
    0x00030858   0x00000002   Data   RO          811    .constdata          snmp_mib.o
    0x0003085a   0x00000001   Data   RO          812    .constdata          snmp_mib.o
    0x0003085b   0x00000001   Data   RO          813    .constdata          snmp_mib.o
    0x0003085c   0x00000004   Data   RO          815    .constdata          snmp_mib.o
    0x00030860   0x00000200   Data   RO         1062    .constdata          full_can.o
    0x00030a60   0x00000006   Data   RO         1452    .constdata          TCP_CM3.lib(at_ethernet.o)
    0x00030a66   0x00000004   Data   RO         1558    .constdata          TCP_CM3.lib(at_ip.o)
    0x00030a6a   0x00000040   Data   RO         1591    .constdata          mc_w.l(ctype_c.o)
    0x00030aaa   0x00000084   Data   RO          818    .conststring        snmp_mib.o
    0x00030b2e   0x00000002   PAD
    0x00030b30   0x00000040   Data   RO         1595    Region$$Table       anon$$obj.o


    Execution Region RW_IRAM1 (Base: 0x10000000, Size: 0x0000721c, Max: 0x00008000, ABSOLUTE, COMPRESSED[0x00000e04])

    Base Addr    Size         Type   Attr      Idx    E Section Name        Object

    0x10000000   0x00000002   Data   RW           40    .data               net_config_http.o
    0x10000002   0x00000002   PAD
    0x10000004   0x000000ac   Data   RW          170    .data               control.o
    0x100000b0   0x0000001a   Data   RW          337    .data               avar_hndl.o
    0x100000ca   0x00000001   Data   RW          429    .data               main.o
    0x100000cb   0x00000001   Data   RW          431    .data               main.o
    0x100000cc   0x00000004   Data   RW          441    .data               main.o
    0x100000d0   0x00000004   Data   RW          443    .data               main.o
    0x100000d4   0x00000004   Data   RW          445    .data               main.o
    0x100000d8   0x00000002   Data   RW          446    .data               main.o
    0x100000da   0x00000006   Data   RW          447    .data               main.o
    0x100000e0   0x00000002   Data   RW          450    .data               main.o
    0x100000e2   0x00000002   Data   RW          452    .data               main.o
    0x100000e4   0x00000002   Data   RW          454    .data               main.o
    0x100000e6   0x00000002   Data   RW          456    .data               main.o
    0x100000e8   0x00000002   Data   RW          458    .data               main.o
    0x100000ea   0x00000002   Data   RW          460    .data               main.o
    0x100000ec   0x00000002   Data   RW          462    .data               main.o
    0x100000ee   0x00000002   Data   RW          464    .data               main.o
    0x100000f0   0x00000004   Data   RW          466    .data               main.o
    0x100000f4   0x00000002   Data   RW          469    .data               main.o
    0x100000f6   0x00000002   Data   RW          471    .data               main.o
    0x100000f8   0x00000002   Data   RW          478    .data               main.o
    0x100000fa   0x00000002   Data   RW          483    .data               main.o
    0x100000fc   0x00000005   Data   RW          486    .data               main.o
    0x10000101   0x00000001   Data   RW          487    .data               main.o
    0x10000102   0x00000002   Data   RW          488    .data               main.o
    0x10000104   0x00000004   Data   RW          495    .data               main.o
    0x10000108   0x00000002   Data   RW          499    .data               main.o
    0x1000010a   0x00000002   Data   RW          502    .data               main.o
    0x1000010c   0x00000004   Data   RW          506    .data               main.o
    0x10000110   0x00000002   Data   RW          519    .data               main.o
    0x10000112   0x00000001   Data   RW          521    .data               main.o
    0x10000113   0x00000001   PAD
    0x10000114   0x00000002   Data   RW          522    .data               main.o
    0x10000116   0x00000006   Data   RW          523    .data               main.o
    0x1000011c   0x00000006   Data   RW          526    .data               main.o
    0x10000122   0x00000002   PAD
    0x10000124   0x00000004   Data   RW          528    .data               main.o
    0x10000128   0x00000002   Data   RW          529    .data               main.o
    0x1000012a   0x00000001   Data   RW          532    .data               main.o
    0x1000012b   0x00000001   PAD
    0x1000012c   0x00000002   Data   RW          536    .data               main.o
    0x1000012e   0x00000002   Data   RW          538    .data               main.o
    0x10000130   0x00000002   Data   RW          542    .data               main.o
    0x10000132   0x00000003   Data   RW          546    .data               main.o
    0x10000135   0x00000001   PAD
    0x10000136   0x00000002   Data   RW          549    .data               main.o
    0x10000138   0x00000002   Data   RW          554    .data               main.o
    0x1000013a   0x00000002   Data   RW          559    .data               main.o
    0x1000013c   0x00000002   Data   RW          562    .data               main.o
    0x1000013e   0x00000001   Data   RW          565    .data               main.o
    0x1000013f   0x00000001   PAD
    0x10000140   0x00002178   Data   RW          703    .data               snmp_data_file.o
    0x100022b8   0x00000002   Data   RW          704    .data               snmp_data_file.o
    0x100022ba   0x00000002   Data   RW          708    .data               snmp_data_file.o
    0x100022bc   0x00000008   Data   RW          709    .data               snmp_data_file.o
    0x100022c4   0x00002e68   Data   RW          820    .data               snmp_mib.o
    0x1000512c   0x0000001c   Data   RW         1063    .data               full_can.o
    0x10005148   0x0000000c   Data   RW         1169    .data               modbus.o
    0x10005154   0x00000007   Data   RW         1255    .data               sc16is7xx.o
    0x1000515b   0x00000001   PAD
    0x1000515c   0x0000000a   Data   RW         1279    .data               ztt.o
    0x10005166   0x00000002   PAD
    0x10005168   0x00000008   Data   RW         1316    .data               emac_lpc17xx.o
    0x10005170   0x00000004   Data   RW         1364    .data               TCP_CM3.lib(at_tcp.o)
    0x10005174   0x00000004   Data   RW         1514    .data               TCP_CM3.lib(at_mem.o)
    0x10005178   0x00000008   Data   RW         1524    .data               TCP_CM3.lib(at_system.o)
    0x10005180   0x00000002   Data   RW         1541    .data               TCP_CM3.lib(at_arp.o)
    0x10005182   0x00000002   PAD
    0x10005184   0x0000008c   Zero   RW           15    .bss                net_config_http.o
    0x10005210   0x0000003c   Zero   RW           16    .bss                net_config_http.o
    0x1000524c   0x00000070   Zero   RW          273    .bss                mess.o
    0x100052bc   0x00001898   Zero   RW          404    .bss                main.o
    0x10006b54   0x00000032   Zero   RW          409    .bss                main.o
    0x10006b86   0x00000014   Zero   RW          412    .bss                main.o
    0x10006b9a   0x0000000c   Zero   RW          413    .bss                main.o
    0x10006ba6   0x00000200   Zero   RW          414    .bss                main.o
    0x10006da6   0x0000000a   Zero   RW          415    .bss                main.o
    0x10006db0   0x0000027a   Zero   RW          698    .bss                snmp_data_file.o
    0x1000702a   0x00000002   PAD
    0x1000702c   0x000001ba   Zero   RW         1057    .bss                full_can.o
    0x100071e6   0x00000020   Zero   RW         1254    .bss                sc16is7xx.o
    0x10007206   0x00000014   Zero   RW         1296    .bss                modbus_tcp.o


    Execution Region RW_IRAM2 (Base: 0x2007c000, Size: 0x00007220, Max: 0x00008000, ABSOLUTE, COMPRESSED[0x00000038])

    Base Addr    Size         Type   Attr      Idx    E Section Name        Object

    0x2007c000   0x00000006   Data   RW           38    .data               net_config_http.o
    0x2007c006   0x00000002   Data   RW           39    .data               net_config_http.o
    0x2007c008   0x00000007   Data   RW           41    .data               net_config_http.o
    0x2007c00f   0x00000001   PAD
    0x2007c010   0x00000008   Data   RW          274    .data               mess.o
    0x2007c018   0x00000014   Data   RW          291    .data               ret.o
    0x2007c02c   0x0000039a   Data   RW          418    .data               main.o
    0x2007c3c6   0x00000002   Data   RW          419    .data               main.o
    0x2007c3c8   0x00000001   Data   RW          426    .data               main.o
    0x2007c3c9   0x00000001   Data   RW          430    .data               main.o
    0x2007c3ca   0x00000001   Data   RW          432    .data               main.o
    0x2007c3cb   0x00000001   PAD
    0x2007c3cc   0x00000004   Data   RW          442    .data               main.o
    0x2007c3d0   0x00000004   Data   RW          444    .data               main.o
    0x2007c3d4   0x00000006   Data   RW          448    .data               main.o
    0x2007c3da   0x00000002   Data   RW          449    .data               main.o
    0x2007c3dc   0x00000002   Data   RW          451    .data               main.o
    0x2007c3de   0x00000002   Data   RW          453    .data               main.o
    0x2007c3e0   0x00000002   Data   RW          455    .data               main.o
    0x2007c3e2   0x00000002   Data   RW          457    .data               main.o
    0x2007c3e4   0x00000002   Data   RW          459    .data               main.o
    0x2007c3e6   0x00000002   Data   RW          461    .data               main.o
    0x2007c3e8   0x00000002   Data   RW          463    .data               main.o
    0x2007c3ea   0x00000002   PAD
    0x2007c3ec   0x00000004   Data   RW          465    .data               main.o
    0x2007c3f0   0x00000004   Data   RW          467    .data               main.o
    0x2007c3f4   0x00000002   Data   RW          468    .data               main.o
    0x2007c3f6   0x00000002   Data   RW          470    .data               main.o
    0x2007c3f8   0x00000002   Data   RW          472    .data               main.o
    0x2007c3fa   0x00000002   Data   RW          482    .data               main.o
    0x2007c3fc   0x00000002   Data   RW          485    .data               main.o
    0x2007c3fe   0x00000001   Data   RW          490    .data               main.o
    0x2007c3ff   0x00000004   Data   RW          496    .data               main.o
    0x2007c403   0x00000001   PAD
    0x2007c404   0x00000002   Data   RW          497    .data               main.o
    0x2007c406   0x00000002   Data   RW          500    .data               main.o
    0x2007c408   0x00000002   Data   RW          517    .data               main.o
    0x2007c40a   0x00000002   Data   RW          520    .data               main.o
    0x2007c40c   0x00000002   Data   RW          524    .data               main.o
    0x2007c40e   0x00000006   Data   RW          525    .data               main.o
    0x2007c414   0x00000004   Data   RW          527    .data               main.o
    0x2007c418   0x00000002   Data   RW          530    .data               main.o
    0x2007c41a   0x00000001   Data   RW          531    .data               main.o
    0x2007c41b   0x00000001   PAD
    0x2007c41c   0x00000002   Data   RW          537    .data               main.o
    0x2007c41e   0x00000002   Data   RW          539    .data               main.o
    0x2007c420   0x00000002   Data   RW          547    .data               main.o
    0x2007c422   0x00000002   Data   RW          550    .data               main.o
    0x2007c424   0x00000002   Data   RW          555    .data               main.o
    0x2007c426   0x00000001   Data   RW          560    .data               main.o
    0x2007c427   0x00000001   PAD
    0x2007c428   0x00000002   Data   RW          561    .data               main.o
    0x2007c42a   0x00000002   Data   RW          563    .data               main.o
    0x2007c42c   0x00000002   Data   RW          707    .data               snmp_data_file.o
    0x2007c42e   0x00000002   PAD
    0x2007c430   0x00000004   Data   RW          853    .data               system_lpc17xx.o
    0x2007c434   0x00000008   Data   RW          880    .data               timer.o
    0x2007c43c   0x0000000c   Data   RW          943    .data               beep.o
    0x2007c448   0x0000000e   Data   RW          960    .data               ad7705.o
    0x2007c456   0x00000002   PAD
    0x2007c458   0x00000014   Data   RW         1107    .data               uart0.o
    0x2007c46c   0x00000001   Data   RW         1168    .data               modbus.o
    0x2007c46d   0x00000005   Data   RW         1215    .data               mcp2515.o
    0x2007c472   0x00000006   Data   RW         1234    .data               sacred_sun.o
    0x2007c478   0x0000000c   Data   RW         1297    .data               modbus_tcp.o
    0x2007c484   0x00000002   Data   RW         1401    .data               TCP_CM3.lib(at_udp.o)
    0x2007c486   0x00000002   PAD
    0x2007c488   0x00000004   Data   RW         1427    .data               TCP_CM3.lib(at_snmp.o)
    0x2007c48c   0x00000008   Data   RW         1453    .data               TCP_CM3.lib(at_ethernet.o)
    0x2007c494   0x00000004   Data   RW         1559    .data               TCP_CM3.lib(at_ip.o)
    0x2007c498   0x00002890   Zero   RW           14    .bss                net_config_http.o
    0x2007ed28   0x000000b0   Zero   RW           17    .bss                net_config_http.o
    0x2007edd8   0x00000440   Zero   RW          156    .bss                control.o
    0x2007f218   0x0000002a   Zero   RW          406    .bss                main.o
    0x2007f242   0x0000001e   Zero   RW          411    .bss                main.o
    0x2007f260   0x0000000a   Zero   RW          699    .bss                snmp_data_file.o
    0x2007f26a   0x000001c2   Zero   RW          700    .bss                snmp_data_file.o
    0x2007f42c   0x00000040   Zero   RW          959    .bss                ad7705.o
    0x2007f46c   0x00000864   Zero   RW         1102    .bss                uart0.o
    0x2007fcd0   0x000000a0   Zero   RW         1166    .bss                modbus.o
    0x2007fd70   0x00000040   Zero   RW         1214    .bss                mcp2515.o
    0x2007fdb0   0x0000012c   Zero   RW         1233    .bss                sacred_sun.o
    0x2007fedc   0x00000004   PAD
    0x2007fee0   0x00002a64   Zero   RW         1315    .bss                emac_lpc17xx.o
    0x20082944   0x0000001c   Zero   RW         1426    .bss                TCP_CM3.lib(at_snmp.o)
    0x20082960   0x00000080   Zero   RW         1451    .bss                TCP_CM3.lib(at_ethernet.o)
    0x200829e0   0x0000003c   Zero   RW         1523    .bss                TCP_CM3.lib(at_system.o)
    0x20082a1c   0x00000004   PAD
    0x20082a20   0x00000800   Zero   RW            1    STACK               startup_lpc17xx.o


==============================================================================

Image component sizes


      Code (inc. data)   RO Data    RW Data    ZI Data      Debug   Object Name

      1272         20          0          0          0       3617   25lc640.o
       524         24          0         14         64       2555   ad7705.o
      5592        586          0         26          0       7894   avar_hndl.o
       376         42          0         12          0       1327   beep.o
      4626         58          0          0          0      34835   common_func.o
     15064       1748          4        172       1088      47532   control.o
         0          0        144          0          0       1898   eeprom_map.o
      1108         58          0          8      10852      14879   emac_lpc17xx.o
      8032        302        512         28        442      19301   full_can.o
        88          0          0          0          0       1038   gran.o
      2072          8          0          0          0       5157   graphic.o
      1180          8          0          0          0       3251   lcd_agm1232_uku207_3.o
    130712      23134       1703       1130       6972     126201   main.o
       924         26          0          5         64       3721   mcp2515.o
      3636        844          0          0          0       1504   memo.o
       232         10          0          8        112       1911   mess.o
      2780        246          0         13        160       5431   modbus.o
      1160         36          0         12         20       2500   modbus_tcp.o
        68          0         90         17      10760      12832   net_config_http.o
        56          4          0         20          0       1389   ret.o
       204         46          0          6        300       1664   sacred_sun.o
       584         36          0          7         32       3114   sc16is7xx.o
         0          0        420          0          0      17599   simbols.o
      3880        428          0       8582       1094      17526   snmp_data_file.o
         0          0        141      11880          0        937   snmp_mib.o
        32          8        204          0       2048        892   startup_lpc17xx.o
       340         26          0          4          0        723   system_lpc17xx.o
        76         16          0          8          0        998   timer.o
      1720        112          0         20       2148      10709   uart0.o
       136          8          0         10          0       1166   ztt.o

    ----------------------------------------------------------------------
    186476      27834       3290      22004      36164     354101   Object Totals
         0          0         64          0          0          0   (incl. Generated)
         2          0          8         22          8          3   (incl. Padding)

    ----------------------------------------------------------------------

      Code (inc. data)   RO Data    RW Data    ZI Data      Debug   Library Member Name

      1500        156          0          2          0        892   at_arp.o
       428         48          6          8        128        544   at_ethernet.o
       116          0          0          0          0         88   at_icmp.o
       502         26          4          4          0        332   at_ip.o
       272          0          0          0          0        852   at_lib.o
       356         38          0          4          0        348   at_mem.o
      2402        110          0          4         28       1136   at_snmp.o
       128         28          0          8         60        216   at_system.o
      2960        170          0          4          0       1316   at_tcp.o
       704         50          0          2          0        484   at_udp.o
        92          0          0          0          0          0   __dczerorl2.o
        40          6         64          0          0         68   ctype_c.o
         0          0          0          0          0          0   entry.o
         8          4          0          0          0          0   entry2.o
         4          0          0          0          0          0   entry5.o
         8          4          0          0          0          0   entry7.o
        30          0          0          0          0          0   handlers.o
        36          8          0          0          0         68   init.o
         8          0          0          0          0         68   isalnum_c.o
         8          0          0          0          0         68   isdigit_c.o
         8          0          0          0          0         68   islower_c.o
         8          0          0          0          0         68   isupper_c.o
        36          0          0          0          0         68   memcpya.o
        16          0          0          0          0         68   strlen.o

    ----------------------------------------------------------------------
      9696        648         74         40        220       6752   Library Totals
        26          0          0          4          4          0   (incl. Padding)

    ----------------------------------------------------------------------

      Code (inc. data)   RO Data    RW Data    ZI Data      Debug   Library Name

      9368        626         10         36        216       6208   TCP_CM3.lib
       302         22         64          0          0        544   mc_w.l

    ----------------------------------------------------------------------
      9696        648         74         40        220       6752   Library Totals

    ----------------------------------------------------------------------

==============================================================================


      Code (inc. data)   RO Data    RW Data    ZI Data      Debug   

    196172      28482       3364      22044      36384     353836   Grand Totals
    196172      28482       3364       3644      36384     353836   ELF Image Totals (compressed)
    196172      28482       3364       3644          0          0   ROM Totals

==============================================================================

    Total RO  Size (Code + RO Data)               199536 ( 194.86kB)
    Total RW  Size (RW Data + ZI Data)             58428 (  57.06kB)
    Total ROM Size (Code + RO Data + RW Data)     203180 ( 198.42kB)

==============================================================================

