ARM Linker, 4.1 [Build 644] [Standard]

==============================================================================

Section Cross References

    startup_lpc17xx.o(RESET) refers to startup_lpc17xx.o(STACK) for __initial_sp
    startup_lpc17xx.o(RESET) refers to startup_lpc17xx.o(.text) for Reset_Handler
    startup_lpc17xx.o(RESET) refers to main.o(.text) for SysTick_Handler
    startup_lpc17xx.o(RESET) refers to timer.o(.text) for TIMER0_IRQHandler
    startup_lpc17xx.o(RESET) refers to uart0.o(.text) for UART0_IRQHandler
    startup_lpc17xx.o(RESET) refers to full_can.o(.text) for CAN_IRQHandler
    startup_lpc17xx.o(RESET) refers to emac_lpc17xx.o(.text) for ENET_IRQHandler
    startup_lpc17xx.o(.text) refers to entry.o(.ARM.Collect$$$$00000000) for __main
    net_config_http.o(.text) refers to at_ethernet.o(i.init_eth_link) for init_eth_link
    net_config_http.o(.text) refers to at_udp.o(i.init_udp) for init_udp
    net_config_http.o(.text) refers to at_tcp.o(i.init_tcp) for init_tcp
    net_config_http.o(.text) refers to at_snmp.o(i.init_snmp) for init_snmp
    net_config_http.o(.text) refers to at_ethernet.o(i.run_eth_link) for run_eth_link
    net_config_http.o(.text) refers to at_tcp.o(i.tcp_poll_sockets) for tcp_poll_sockets
    net_config_http.o(.text) refers to at_snmp.o(i.run_snmp_agent) for run_snmp_agent
    net_config_http.o(.text) refers to at_udp.o(i.process_udp) for process_udp
    net_config_http.o(.text) refers to at_tcp.o(i.process_tcp) for process_tcp
    net_config_http.o(.text) refers to at_ethernet.o(i.eth_send_frame) for eth_send_frame
    common_func.o(.text) refers to main.o(.data) for lcd_buffer
    common_func.o(.text) refers to main.o(.data) for dig
    common_func.o(.text) refers to main.o(.data) for zero_on
    common_func.o(.text) refers to 25lc640.o(.text) for lc640_read_int
    common_func.o(.text) refers to main.o(.constdata) for sm_mont
    common_func.o(.text) refers to ret.o(.text) for ret
    common_func.o(.text) refers to main.o(.constdata) for ABCDEF
    common_func.o(.text) refers to main.o(.bss) for b_ind
    common_func.o(.text) refers to common_func.o(.text) for bin2bcd_int
    common_func.o(.text) refers to main.o(.data) for dig
    common_func.o(.text) refers to main.o(.data) for lcd_buffer
    common_func.o(.text) refers to common_func.o(.text) for bin2bcd_int
    common_func.o(.text) refers to main.o(.data) for dig
    common_func.o(.text) refers to main.o(.data) for lcd_buffer
    common_func.o(.text) refers to common_func.o(.text) for find
    common_func.o(.text) refers to main.o(.constdata) for ABCDEF
    common_func.o(.text) refers to main.o(.data) for lcd_buffer
    common_func.o(.text) refers to main.o(.constdata) for ABCDEF
    common_func.o(.text) refers to main.o(.data) for lcd_buffer
    common_func.o(.text) refers to main.o(.constdata) for ABCDEF
    common_func.o(.text) refers to main.o(.data) for lcd_buffer
    common_func.o(.text) refers to main.o(.constdata) for ABCDEF
    common_func.o(.text) refers to main.o(.data) for lcd_buffer
    control.o(.text) refers to 25lc640.o(.text) for lc640_write_int
    control.o(.text) refers to gran.o(.text) for gran_char
    control.o(.text) refers to mess.o(.text) for mess_send
    control.o(.text) refers to common_func.o(.text) for abs
    control.o(.text) refers to avar_hndl.o(.text) for ke_mem_hndl
    control.o(.text) refers to control.o(.data) for .data
    control.o(.text) refers to main.o(.bss) for bat
    control.o(.text) refers to main.o(.data) for IKB
    control.o(.text) refers to eeprom_map.o(.constdata) for ADR_EE_BAT_ZAR_CNT_KE
    control.o(.text) refers to main.o(.data) for bat_u_old_cnt
    control.o(.text) refers to eeprom_map.o(.constdata) for ADR_EE_BAT_C_REAL
    control.o(.text) refers to eeprom_map.o(.constdata) for ADR_EE_BAT_ZAR_CNT
    control.o(.text) refers to main.o(.data) for speedChrgBlckStat
    control.o(.text) refers to main.o(.data) for ips_bat_av_vzvod
    control.o(.text) refers to mess.o(.data) for mess_data
    control.o(.text) refers to main.o(.data) for Kibat0
    control.o(.text) refers to ad7705.o(.data) for ad7705_buff_
    control.o(.text) refers to eeprom_map.o(.constdata) for ADR_KI0BAT
    control.o(.text) refers to main.o(.data) for unet_drv_cnt
    control.o(.text) refers to main.o(.data) for net_Ustore
    control.o(.text) refers to main.o(.data) for KunetA
    control.o(.text) refers to main.o(.data) for KunetB
    control.o(.text) refers to main.o(.data) for KunetC
    control.o(.text) refers to control.o(.bss) for .bss
    control.o(.text) refers to main.o(.data) for Kunet
    control.o(.text) refers to main.o(.data) for Kubat
    control.o(.text) refers to main.o(.data) for Kubatm
    control.o(.text) refers to main.o(.data) for Kibat1
    control.o(.text) refers to main.o(.data) for Ktbat
    control.o(.text) refers to main.o(.data) for Kuload
[...]
    main_10Hz_cnt                            0x10000120   Data           2  main.o(.data)
    main_1Hz_cnt                             0x10000122   Data           2  main.o(.data)
    ind_pointer                              0x10000124   Data           2  main.o(.data)
    t0cnt                                    0x10000126   Data           2  main.o(.data)
    t0cnt0                                   0x10000128   Data           2  main.o(.data)
    t0cnt1                                   0x1000012a   Data           2  main.o(.data)
    t0cnt2                                   0x1000012c   Data           2  main.o(.data)
    t0cnt3                                   0x1000012e   Data           2  main.o(.data)
    t0cnt4                                   0x10000130   Data           2  main.o(.data)
    t0cnt5                                   0x10000132   Data           2  main.o(.data)
    t0cntMin                                 0x10000134   Data           2  main.o(.data)
    UMAX                                     0x10000136   Data           2  main.o(.data)
    UB0                                      0x10000138   Data           2  main.o(.data)
    UB20                                     0x1000013a   Data           2  main.o(.data)
    TMAX                                     0x1000013c   Data           2  main.o(.data)
    TSIGN                                    0x1000013e   Data           2  main.o(.data)
    AV_OFF_AVT                               0x10000140   Data           2  main.o(.data)
    USIGN                                    0x10000142   Data           2  main.o(.data)
    UMN                                      0x10000144   Data           2  main.o(.data)
    ZV_ON                                    0x10000146   Data           2  main.o(.data)
    IKB                                      0x10000148   Data           2  main.o(.data)
    UVZ                                      0x1000014a   Data           2  main.o(.data)
    IMAX                                     0x1000014c   Data           2  main.o(.data)
    IMIN                                     0x1000014e   Data           2  main.o(.data)
    IZMAX                                    0x10000150   Data           2  main.o(.data)
    U0B                                      0x10000152   Data           2  main.o(.data)
    TZAS                                     0x10000154   Data           2  main.o(.data)
    VZ_HR                                    0x10000156   Data           2  main.o(.data)
    TBAT                                     0x10000158   Data           2  main.o(.data)
    U_AVT                                    0x1000015a   Data           2  main.o(.data)
    DU                                       0x1000015c   Data           2  main.o(.data)
    PAR                                      0x1000015e   Data           2  main.o(.data)
    TBATMAX                                  0x10000160   Data           2  main.o(.data)
    TBATSIGN                                 0x10000162   Data           2  main.o(.data)
    UBM_AV                                   0x10000164   Data           2  main.o(.data)
    RELE_LOG                                 0x10000166   Data           2  main.o(.data)
    TBOXMAX                                  0x10000168   Data           2  main.o(.data)
    TBOXREG                                  0x1000016a   Data           2  main.o(.data)
    TBOXVENTMAX                              0x1000016c   Data           2  main.o(.data)
    TLOADDISABLE                             0x1000016e   Data           2  main.o(.data)
    TLOADENABLE                              0x10000170   Data           2  main.o(.data)
    TBATDISABLE                              0x10000172   Data           2  main.o(.data)
    TBATENABLE                               0x10000174   Data           2  main.o(.data)
    TVENTON                                  0x10000176   Data           2  main.o(.data)
    TVENTOFF                                 0x10000178   Data           2  main.o(.data)
    TZNPN                                    0x1000017a   Data           2  main.o(.data)
    UONPN                                    0x1000017c   Data           2  main.o(.data)
    UVNPN                                    0x1000017e   Data           2  main.o(.data)
    TERMOKOMPENS                             0x10000180   Data           2  main.o(.data)
    TBOXWARMON                               0x10000182   Data           2  main.o(.data)
    TBOXWARMOFF                              0x10000184   Data           2  main.o(.data)
    BAT_TYPE                                 0x10000186   Data           2  main.o(.data)
    FORVARDBPSCHHOUR                         0x10000188   Data           2  main.o(.data)
    NUMBAT                                   0x1000018a   Data           2  main.o(.data)
    NUMBAT_TELECORE                          0x1000018c   Data           2  main.o(.data)
    NUMIST                                   0x1000018e   Data           2  main.o(.data)
    NUMINV                                   0x10000190   Data           2  main.o(.data)
    NUMDT                                    0x10000192   Data           2  main.o(.data)
    NUMSK                                    0x10000194   Data           2  main.o(.data)
    NUMEXT                                   0x10000196   Data           2  main.o(.data)
    NUMAVT                                   0x10000198   Data           2  main.o(.data)
    NUMMAKB                                  0x1000019a   Data           2  main.o(.data)
    NUMBYPASS                                0x1000019c   Data           2  main.o(.data)
    U_OUT_KONTR_MAX                          0x1000019e   Data           2  main.o(.data)
    U_OUT_KONTR_MIN                          0x100001a0   Data           2  main.o(.data)
    U_OUT_KONTR_DELAY                        0x100001a2   Data           2  main.o(.data)
    DOP_RELE_FUNC                            0x100001a4   Data           2  main.o(.data)
    CNTRL_HNDL_TIME                          0x100001a6   Data           2  main.o(.data)
    TVENTMAX                                 0x100001a8   Data           2  main.o(.data)
    ICA_EN                                   0x100001aa   Data           2  main.o(.data)
    ICA_CH                                   0x100001ac   Data           2  main.o(.data)
    ICA_MODBUS_ADDRESS                       0x100001ae   Data           2  main.o(.data)
    ICA_MODBUS_TCP_IP1                       0x100001b0   Data           2  main.o(.data)
    ICA_MODBUS_TCP_IP2                       0x100001b2   Data           2  main.o(.data)
    ICA_MODBUS_TCP_IP3                       0x100001b4   Data           2  main.o(.data)
    ICA_MODBUS_TCP_IP4                       0x100001b6   Data           2  main.o(.data)
    ICA_MODBUS_TCP_UNIT_ID                   0x100001b8   Data           2  main.o(.data)
    PWM_START                                0x100001ba   Data           2  main.o(.data)
    KB_ALGORITM                              0x100001bc   Data           2  main.o(.data)
    REG_SPEED                                0x100001be   Data           2  main.o(.data)
    APV_ON2_TIME                             0x100001c0   Data           2  main.o(.data)
    BAT_IS_ON                                0x100001c2   Data           2  main.o(.data)
    AUSW_MAIN                                0x100001c4   Data           2  main.o(.data)
    HOUR_AVZ                                 0x100001c6   Data           2  main.o(.data)
    MIN_AVZ                                  0x100001c8   Data           2  main.o(.data)
    SEC_AVZ                                  0x100001ca   Data           2  main.o(.data)
    DATE_AVZ                                 0x100001cc   Data           2  main.o(.data)
    MONTH_AVZ                                0x100001ce   Data           2  main.o(.data)
    YEAR_AVZ                                 0x100001d0   Data           2  main.o(.data)
    AVZ_TIME                                 0x100001d2   Data           2  main.o(.data)
    MNEMO_TIME                               0x100001d4   Data           2  main.o(.data)
    POWER_CNT_ADRESS                         0x100001d6   Data           2  main.o(.data)
    ETH_IS_ON                                0x100001d8   Data           2  main.o(.data)
    ETH_DHCP_ON                              0x100001da   Data           2  main.o(.data)
    ETH_IP_1                                 0x100001dc   Data           2  main.o(.data)
    ETH_IP_2                                 0x100001de   Data           2  main.o(.data)
    ETH_IP_3                                 0x100001e0   Data           2  main.o(.data)
    ETH_IP_4                                 0x100001e2   Data           2  main.o(.data)
    ETH_MASK_1                               0x100001e4   Data           2  main.o(.data)
    ETH_MASK_2                               0x100001e6   Data           2  main.o(.data)
    ETH_MASK_3                               0x100001e8   Data           2  main.o(.data)
    ETH_MASK_4                               0x100001ea   Data           2  main.o(.data)
    ETH_TRAP1_IP_1                           0x100001ec   Data           2  main.o(.data)
    ETH_TRAP1_IP_2                           0x100001ee   Data           2  main.o(.data)
    ETH_TRAP1_IP_3                           0x100001f0   Data           2  main.o(.data)
    ETH_TRAP1_IP_4                           0x100001f2   Data           2  main.o(.data)
    ETH_TRAP2_IP_1                           0x100001f4   Data           2  main.o(.data)
    ETH_TRAP2_IP_2                           0x100001f6   Data           2  main.o(.data)
    ETH_TRAP2_IP_3                           0x100001f8   Data           2  main.o(.data)
    ETH_TRAP2_IP_4                           0x100001fa   Data           2  main.o(.data)
    ETH_TRAP3_IP_1                           0x100001fc   Data           2  main.o(.data)
    ETH_TRAP3_IP_2                           0x100001fe   Data           2  main.o(.data)
    ETH_TRAP3_IP_3                           0x10000200   Data           2  main.o(.data)
    ETH_TRAP3_IP_4                           0x10000202   Data           2  main.o(.data)
    ETH_TRAP4_IP_1                           0x10000204   Data           2  main.o(.data)
    ETH_TRAP4_IP_2                           0x10000206   Data           2  main.o(.data)
    ETH_TRAP4_IP_3                           0x10000208   Data           2  main.o(.data)
    ETH_TRAP4_IP_4                           0x1000020a   Data           2  main.o(.data)
    ETH_TRAP5_IP_1                           0x1000020c   Data           2  main.o(.data)
    ETH_TRAP5_IP_2                           0x1000020e   Data           2  main.o(.data)
    ETH_TRAP5_IP_3                           0x10000210   Data           2  main.o(.data)
    ETH_TRAP5_IP_4                           0x10000212   Data           2  main.o(.data)
    ETH_SNMP_PORT_READ                       0x10000214   Data           2  main.o(.data)
    ETH_SNMP_PORT_WRITE                      0x10000216   Data           2  main.o(.data)
    ETH_GW_1                                 0x10000218   Data           2  main.o(.data)
    ETH_GW_2                                 0x1000021a   Data           2  main.o(.data)
    ETH_GW_3                                 0x1000021c   Data           2  main.o(.data)
    ETH_GW_4                                 0x1000021e   Data           2  main.o(.data)
    RELE_VENT_LOGIC                          0x10000220   Data           2  main.o(.data)
    MODBUS_ADRESS                            0x10000222   Data           2  main.o(.data)
    MODBUS_BAUDRATE                          0x10000224   Data           2  main.o(.data)
    BAT_LINK                                 0x10000226   Data           2  main.o(.data)
    Ib_ips_termokompensat                    0x10000228   Data           2  main.o(.data)
    load_U                                   0x1000022a   Data           2  main.o(.data)
    load_I                                   0x1000022c   Data           2  main.o(.data)
    bps_U                                    0x1000022e   Data           2  main.o(.data)
    out_U                                    0x10000230   Data           2  main.o(.data)
    bps_I                                    0x10000232   Data           2  main.o(.data)
    av_j_si_max                              0x10000234   Data           2  main.o(.data)
    net_U                                    0x10000236   Data           2  main.o(.data)
    net_Ua                                   0x10000238   Data           2  main.o(.data)
    net_Ub                                   0x1000023a   Data           2  main.o(.data)
    net_Uc                                   0x1000023c   Data           2  main.o(.data)
    net_F                                    0x1000023e   Data           2  main.o(.data)
    hz_out                                   0x10000240   Data           2  main.o(.data)
    hz_out_cnt                               0x10000242   Data           2  main.o(.data)
    net_F3                                   0x10000244   Data           2  main.o(.data)
    t_box                                    0x10000246   Data           2  main.o(.data)
    u_necc                                   0x10000248   Data           2  main.o(.data)
    av_beep                                  0x1000024a   Data           2  main.o(.data)
    av_rele                                  0x1000024c   Data           2  main.o(.data)
    Uvv0                                     0x1000024e   Data           2  main.o(.data)
    pos_vent                                 0x10000250   Data           2  main.o(.data)
    power_current                            0x10000252   Data           2  main.o(.data)
    main_vent_pos                            0x10000254   Data           2  main.o(.data)
    plazma_but_an                            0x10000256   Data           2  main.o(.data)
    bIBAT_SMKLBR                             0x10000258   Data           2  main.o(.data)
    TELECORE2017_ULINECC                     0x1000025a   Data           2  main.o(.data)
    TELECORE2017_ULINECC_                    0x1000025c   Data           2  main.o(.data)
    speedChrgCurr                            0x1000025e   Data           2  main.o(.data)
    speedChrgVolt                            0x10000260   Data           2  main.o(.data)
    speedChrgTimeInHour                      0x10000262   Data           2  main.o(.data)
    speedChrgAvtEn                           0x10000264   Data           2  main.o(.data)
    speedChrgDU                              0x10000266   Data           2  main.o(.data)
    speedChIsOn                              0x10000268   Data           2  main.o(.data)
    speedChrgBlckSrc                         0x1000026a   Data           2  main.o(.data)
    speedChrgBlckLog                         0x1000026c   Data           2  main.o(.data)
    ipsBlckSrc                               0x1000026e   Data           2  main.o(.data)
    ipsBlckLog                               0x10000270   Data           2  main.o(.data)
    ipsBlckStat                              0x10000272   Data           2  main.o(.data)
    outVoltContrHndlCnt                      0x10000274   Data           2  main.o(.data)
    ica_my_current                           0x10000276   Data           2  main.o(.data)
    ica_your_current                         0x10000278   Data           2  main.o(.data)
    ica_u_necc                               0x1000027a   Data           2  main.o(.data)
    parol                                    0x1000027c   Data           3  main.o(.data)
    ND_EXT                                   0x1000027f   Data           3  main.o(.data)
    sk_stat                                  0x10000282   Data           4  main.o(.data)
    sk_av_stat                               0x10000286   Data           4  main.o(.data)
    tick                                     0x1000028c   Data           4  main.o(.data)
    BAT_DAY_OF_ON                            0x10000290   Data           4  main.o(.data)
    BAT_MONTH_OF_ON                          0x10000294   Data           4  main.o(.data)
    BAT_YEAR_OF_ON                           0x10000298   Data           4  main.o(.data)
    BAT_C_NOM                                0x1000029c   Data           4  main.o(.data)
    BAT_RESURS                               0x100002a0   Data           4  main.o(.data)
    BAT_C_REAL                               0x100002a4   Data           4  main.o(.data)
    AUSW_MAIN_NUMBER                         0x100002a8   Data           4  main.o(.data)
    sk_cnt                                   0x100002ac   Data           4  main.o(.data)
    bSILENT                                  0x100002b0   Data           4  main.o(.data)
    but_n                                    0x100002b4   Data           4  main.o(.data)
    but_s                                    0x100002b8   Data           4  main.o(.data)
    power_summary                            0x100002bc   Data           4  main.o(.data)
    a_ind                                    0x100002c0   Data           5  main.o(.data)
    c_ind                                    0x100002c5   Data           5  main.o(.data)
    TMAX_EXT_EN                              0x100002ca   Data           6  main.o(.data)
    TMAX_EXT                                 0x100002d0   Data           6  main.o(.data)
    TMIN_EXT_EN                              0x100002d6   Data           6  main.o(.data)
    TMIN_EXT                                 0x100002dc   Data           6  main.o(.data)
    T_EXT_REL_EN                             0x100002e2   Data           6  main.o(.data)
    T_EXT_ZVUK_EN                            0x100002e8   Data           6  main.o(.data)
    T_EXT_LCD_EN                             0x100002ee   Data           6  main.o(.data)
    T_EXT_RS_EN                              0x100002f4   Data           6  main.o(.data)
    t_ext                                    0x100002fa   Data           6  main.o(.data)
    Uvv                                      0x10000300   Data           6  main.o(.data)
    Uvv_eb2                                  0x10000306   Data           6  main.o(.data)
    Upes_eb2                                 0x1000030c   Data           6  main.o(.data)
    SK_SIGN                                  0x10000312   Data           8  main.o(.data)
    SK_REL_EN                                0x1000031a   Data           8  main.o(.data)
    SK_ZVUK_EN                               0x10000322   Data           8  main.o(.data)
    SK_LCD_EN                                0x1000032a   Data           8  main.o(.data)
    SK_RS_EN                                 0x10000332   Data           8  main.o(.data)
    lcd_buffer                               0x1000033a   Data         300  main.o(.data)
    Kuout                                    0x10000466   Data           2  main.o(.data)
    tbatdisable_stat                         0x10000468   Data           1  main.o(.data)
    ips_bat_av_vzvod                         0x10000469   Data           1  main.o(.data)
    Kubat                                    0x1000046a   Data           4  main.o(.data)
    Kubatm                                   0x1000046e   Data           4  main.o(.data)
    Kibat1                                   0x10000472   Data           4  main.o(.data)
    Kunet_ext                                0x10000476   Data           6  main.o(.data)
    Kuload                                   0x1000047c   Data           2  main.o(.data)
    KunetB                                   0x1000047e   Data           2  main.o(.data)
    Kubps                                    0x10000480   Data           2  main.o(.data)
    APV_ON                                   0x10000482   Data           2  main.o(.data)
    TWARMOFF                                 0x10000484   Data           2  main.o(.data)
    TBOXVENTOFF                              0x10000486   Data           2  main.o(.data)
    USODERG_LI_BAT                           0x10000488   Data           2  main.o(.data)
    AUSW_UKU_NUMBER                          0x1000048c   Data           4  main.o(.data)
    bat_u_old_cnt                            0x10000490   Data           2  main.o(.data)
    net_Ustore                               0x10000492   Data           2  main.o(.data)
    unet_drv_cnt                             0x10000494   Data           1  main.o(.data)
    sk_av_stat_old                           0x10000495   Data           4  main.o(.data)
    u_necc_dn                                0x1000049a   Data           2  main.o(.data)
    Isumm                                    0x1000049c   Data           2  main.o(.data)
    sign_U                                   0x1000049e   Data           2  main.o(.data)
    vvod_pos                                 0x100004a0   Data           2  main.o(.data)
    adc_buff_ext_                            0x100004a2   Data           6  main.o(.data)
    Kpes_eb2                                 0x100004a8   Data           6  main.o(.data)
    power_summary_tempo                      0x100004b0   Data           4  main.o(.data)
    power_current_tempo                      0x100004b4   Data           2  main.o(.data)
    powerSummaryCnt                          0x100004b6   Data           1  main.o(.data)
    npn_tz_cnt                               0x100004b8   Data           2  main.o(.data)
    plazma_can_inv                           0x100004ba   Data           3  main.o(.data)
    plazma_bat_drv0                          0x100004be   Data           2  main.o(.data)
    speedChTimeCnt                           0x100004c0   Data           4  main.o(.data)
    speedChrgBlckStat                        0x100004c4   Data           2  main.o(.data)
    speedChrgShowCnt                         0x100004c6   Data           1  main.o(.data)
    plazma_ztt                               0x100004c7   Data           2  main.o(.data)
    snmp_warm_sign                           0x100004cc   Data           1  snmp_data_file.o(.data)
    snmp_cool_sign                           0x100004cd   Data           1  snmp_data_file.o(.data)
    snmp_warm_on_temper                      0x100004ce   Data           1  snmp_data_file.o(.data)
    snmp_warm_off_temper                     0x100004cf   Data           1  snmp_data_file.o(.data)
    snmp_warm_q                              0x100004d0   Data           1  snmp_data_file.o(.data)
    snmp_cool_100_temper                     0x100004d1   Data           1  snmp_data_file.o(.data)
    snmp_cool_80_temper                      0x100004d2   Data           1  snmp_data_file.o(.data)
    snmp_cool_60_temper                      0x100004d3   Data           1  snmp_data_file.o(.data)
    snmp_cool_40_temper                      0x100004d4   Data           1  snmp_data_file.o(.data)
    snmp_cool_20_temper                      0x100004d5   Data           1  snmp_data_file.o(.data)
    snmp_cool_100_dtemper                    0x100004d6   Data           1  snmp_data_file.o(.data)
    snmp_cool_80_dtemper                     0x100004d7   Data           1  snmp_data_file.o(.data)
    snmp_cool_60_dtemper                     0x100004d8   Data           1  snmp_data_file.o(.data)
    snmp_cool_40_dtemper                     0x100004d9   Data           1  snmp_data_file.o(.data)
    snmp_cool_20_dtemper                     0x100004da   Data           1  snmp_data_file.o(.data)
    snmp_trap_send_i                         0x100004db   Data           1  snmp_data_file.o(.data)
    snmp_trap_send_ii                        0x100004dc   Data           1  snmp_data_file.o(.data)
    snmp_numofbat                            0x100004de   Data           2  snmp_data_file.o(.data)
    snmp_numofbps                            0x100004e0   Data           2  snmp_data_file.o(.data)
    snmp_numofinv                            0x100004e2   Data           2  snmp_data_file.o(.data)
    snmp_numofavt                            0x100004e4   Data           2  snmp_data_file.o(.data)
    snmp_numofdt                             0x100004e6   Data           2  snmp_data_file.o(.data)
    snmp_numofsk                             0x100004e8   Data           2  snmp_data_file.o(.data)
    snmp_numofevents                         0x100004ea   Data           2  snmp_data_file.o(.data)
    snmp_mains_power_voltage                 0x100004ec   Data           2  snmp_data_file.o(.data)
    snmp_mains_power_frequency               0x100004ee   Data           2  snmp_data_file.o(.data)
    snmp_mains_power_voltage_phaseA          0x100004f0   Data           2  snmp_data_file.o(.data)
    snmp_mains_power_voltage_phaseB          0x100004f2   Data           2  snmp_data_file.o(.data)
    snmp_mains_power_voltage_phaseC          0x100004f4   Data           2  snmp_data_file.o(.data)
    snmp_load_voltage                        0x100004f6   Data           2  snmp_data_file.o(.data)
    snmp_load_current                        0x100004f8   Data           2  snmp_data_file.o(.data)
    snmp_spc_trap_value_0                    0x100004fa   Data           2  snmp_data_file.o(.data)
    snmp_spc_trap_value_1                    0x100004fc   Data           2  snmp_data_file.o(.data)
    snmp_spc_trap_value_2                    0x100004fe   Data           2  snmp_data_file.o(.data)
    snmp_energy_vvod_phase_a                 0x10000500   Data           2  snmp_data_file.o(.data)
    snmp_energy_vvod_phase_b                 0x10000502   Data           2  snmp_data_file.o(.data)
    snmp_energy_vvod_phase_c                 0x10000504   Data           2  snmp_data_file.o(.data)
    snmp_energy_pes_phase_a                  0x10000506   Data           2  snmp_data_file.o(.data)
    snmp_energy_pes_phase_b                  0x10000508   Data           2  snmp_data_file.o(.data)
    snmp_energy_pes_phase_c                  0x1000050a   Data           2  snmp_data_file.o(.data)
    snmp_energy_input_voltage                0x1000050c   Data           2  snmp_data_file.o(.data)
    snmp_energy_current_energy               0x1000050e   Data           2  snmp_data_file.o(.data)
    snmp_command                             0x10000510   Data           2  snmp_data_file.o(.data)
    snmp_command_parametr                    0x10000512   Data           2  snmp_data_file.o(.data)
    snmp_zv_en                               0x10000514   Data           2  snmp_data_file.o(.data)
    snmp_alarm_auto_disable                  0x10000516   Data           2  snmp_data_file.o(.data)
    snmp_bat_test_time                       0x10000518   Data           2  snmp_data_file.o(.data)
    snmp_u_max                               0x1000051a   Data           2  snmp_data_file.o(.data)
    snmp_u_min                               0x1000051c   Data           2  snmp_data_file.o(.data)
    snmp_u_0_grad                            0x1000051e   Data           2  snmp_data_file.o(.data)
    snmp_u_20_grad                           0x10000520   Data           2  snmp_data_file.o(.data)
    snmp_u_sign                              0x10000522   Data           2  snmp_data_file.o(.data)
    snmp_u_min_power                         0x10000524   Data           2  snmp_data_file.o(.data)
    snmp_u_withouth_bat                      0x10000526   Data           2  snmp_data_file.o(.data)
    snmp_control_current                     0x10000528   Data           2  snmp_data_file.o(.data)
    snmp_max_charge_current                  0x1000052a   Data           2  snmp_data_file.o(.data)
    snmp_max_current                         0x1000052c   Data           2  snmp_data_file.o(.data)
    snmp_min_current                         0x1000052e   Data           2  snmp_data_file.o(.data)
    snmp_uvz                                 0x10000530   Data           2  snmp_data_file.o(.data)
    snmp_powerup_psu_timeout                 0x10000532   Data           2  snmp_data_file.o(.data)
    snmp_max_temperature                     0x10000534   Data           2  snmp_data_file.o(.data)
    snmp_tsign_bat                           0x10000536   Data           2  snmp_data_file.o(.data)
    snmp_tmax_bat                            0x10000538   Data           2  snmp_data_file.o(.data)
    snmp_tsign_bps                           0x1000053a   Data           2  snmp_data_file.o(.data)
    snmp_tmax_bps                            0x1000053c   Data           2  snmp_data_file.o(.data)
    snmp_bat_part_alarm                      0x1000053e   Data           2  snmp_data_file.o(.data)
    snmp_power_cnt_adress                    0x10000540   Data           2  snmp_data_file.o(.data)
    snmp_klimat_box_temper                   0x10000542   Data           2  snmp_data_file.o(.data)
    snmp_klimat_settings_box_alarm           0x10000544   Data           2  snmp_data_file.o(.data)
    snmp_klimat_settings_vent_on             0x10000546   Data           2  snmp_data_file.o(.data)
    snmp_klimat_settings_vent_off            0x10000548   Data           2  snmp_data_file.o(.data)
    snmp_klimat_settings_warm_on             0x1000054a   Data           2  snmp_data_file.o(.data)
    snmp_klimat_settings_warm_off            0x1000054c   Data           2  snmp_data_file.o(.data)
    snmp_klimat_settings_load_on             0x1000054e   Data           2  snmp_data_file.o(.data)
    snmp_klimat_settings_load_off            0x10000550   Data           2  snmp_data_file.o(.data)
    snmp_klimat_settings_batt_on             0x10000552   Data           2  snmp_data_file.o(.data)
    snmp_klimat_settings_batt_off            0x10000554   Data           2  snmp_data_file.o(.data)
    snmp_dt_ext                              0x10000556   Data           2  snmp_data_file.o(.data)
    snmp_dt_msan                             0x10000558   Data           2  snmp_data_file.o(.data)
    snmp_dt_epu                              0x1000055a   Data           2  snmp_data_file.o(.data)
    snmp_dt_number                           0x1000055c   Data           3  snmp_data_file.o(.data)
    snmp_dt_error                            0x1000055f   Data           3  snmp_data_file.o(.data)
    snmp_lakb_cell_temperature_1             0x10000562   Data           3  snmp_data_file.o(.data)
    snmp_lakb_cell_temperature_2             0x10000565   Data           3  snmp_data_file.o(.data)
    snmp_lakb_cell_temperature_3             0x10000568   Data           3  snmp_data_file.o(.data)
    snmp_lakb_cell_temperature_4             0x1000056b   Data           3  snmp_data_file.o(.data)
    snmp_lakb_cell_temperature_ambient       0x1000056e   Data           3  snmp_data_file.o(.data)
    snmp_lakb_cell_temperature_power         0x10000571   Data           3  snmp_data_file.o(.data)
    snmp_sernum                              0x10000574   Data           4  snmp_data_file.o(.data)
    snmp_bat_number                          0x10000578   Data           4  snmp_data_file.o(.data)
    snmp_bat_voltage                         0x1000057c   Data           4  snmp_data_file.o(.data)
    snmp_bat_current                         0x10000580   Data           4  snmp_data_file.o(.data)
    snmp_bat_temperature                     0x10000584   Data           4  snmp_data_file.o(.data)
    snmp_bat_capacity                        0x10000588   Data           4  snmp_data_file.o(.data)
    snmp_bat_charge                          0x1000058c   Data           4  snmp_data_file.o(.data)
    snmp_bat_status                          0x10000590   Data           4  snmp_data_file.o(.data)
    snmp_bat_part_voltage                    0x10000594   Data           4  snmp_data_file.o(.data)
    snmp_energy_total_energy                 0x10000598   Data           4  snmp_data_file.o(.data)
    snmp_sk_number                           0x1000059c   Data           4  snmp_data_file.o(.data)
    snmp_sk_aktiv                            0x100005a0   Data           4  snmp_data_file.o(.data)
    snmp_sk_alarm_aktiv                      0x100005a4   Data           4  snmp_data_file.o(.data)
    snmp_sk_alarm                            0x100005a8   Data           4  snmp_data_file.o(.data)
    temp_ip                                  0x100005ac   Data           4  snmp_data_file.o(.data)
    snmp_inv_number                          0x100005b0   Data           6  snmp_data_file.o(.data)
    snmp_inv_voltage                         0x100005b6   Data           6  snmp_data_file.o(.data)
    snmp_inv_current                         0x100005bc   Data           6  snmp_data_file.o(.data)
    snmp_inv_temperature                     0x100005c2   Data           6  snmp_data_file.o(.data)
    snmp_inv_stat                            0x100005c8   Data           6  snmp_data_file.o(.data)
    snmp_dt_temper                           0x100005ce   Data           6  snmp_data_file.o(.data)
    snmp_makb_connect_status                 0x100005d4   Data           8  snmp_data_file.o(.data)
    snmp_makb_voltage0                       0x100005dc   Data           8  snmp_data_file.o(.data)
    snmp_makb_voltage1                       0x100005e4   Data           8  snmp_data_file.o(.data)
    snmp_makb_voltage2                       0x100005ec   Data           8  snmp_data_file.o(.data)
    snmp_makb_voltage3                       0x100005f4   Data           8  snmp_data_file.o(.data)
    snmp_makb_voltage4                       0x100005fc   Data           8  snmp_data_file.o(.data)
    snmp_makb_temper0                        0x10000604   Data           8  snmp_data_file.o(.data)
    snmp_makb_temper1                        0x1000060c   Data           8  snmp_data_file.o(.data)
    snmp_makb_temper2                        0x10000614   Data           8  snmp_data_file.o(.data)
    snmp_makb_temper3                        0x1000061c   Data           8  snmp_data_file.o(.data)
    snmp_makb_temper4                        0x10000624   Data           8  snmp_data_file.o(.data)
    snmp_makb_temper0_stat                   0x1000062c   Data           8  snmp_data_file.o(.data)
    snmp_makb_temper1_stat                   0x10000634   Data           8  snmp_data_file.o(.data)
    snmp_makb_temper2_stat                   0x1000063c   Data           8  snmp_data_file.o(.data)
    snmp_makb_temper3_stat                   0x10000644   Data           8  snmp_data_file.o(.data)
    snmp_makb_temper4_stat                   0x1000064c   Data           8  snmp_data_file.o(.data)
    snmp_log                                 0x10000654   Data        8192  snmp_data_file.o(.data)
    snmp_device_code                         0x10002654   Data           2  snmp_data_file.o(.data)
    snmp_mains_power_alarm                   0x10002656   Data           2  snmp_data_file.o(.data)
    snmp_makb_number                         0x10002658   Data           8  snmp_data_file.o(.data)
    snmp_warm_stat                           0x10002660   Data           1  snmp_data_file.o(.data)
    snmp_mib                                 0x10002664   Data       13056  snmp_mib.o(.data)
    bOUT_FREE                                0x10005964   Data           1  full_can.o(.data)
    bOUT_FREE2                               0x10005965   Data           1  full_can.o(.data)
    can_reset_cnt                            0x10005966   Data           1  full_can.o(.data)
    ptr_can1_tx_wr                           0x10005967   Data           1  full_can.o(.data)
    ptr_can1_tx_rd                           0x10005968   Data           1  full_can.o(.data)
    ptr_can2_tx_wr                           0x10005969   Data           1  full_can.o(.data)
    ptr_can2_tx_rd                           0x1000596a   Data           1  full_can.o(.data)
    bR                                       0x1000596b   Data           1  full_can.o(.data)
    bIN                                      0x1000596c   Data           1  full_can.o(.data)
    bIN2                                     0x1000596d   Data           1  full_can.o(.data)
    TX_len                                   0x1000596e   Data           1  full_can.o(.data)
    can_tx_cnt                               0x1000596f   Data           1  full_can.o(.data)
    cnt_can_pal                              0x10005970   Data           1  full_can.o(.data)
    plazma_can_pal_index                     0x10005971   Data           1  full_can.o(.data)
    plazma_can                               0x10005972   Data           1  full_can.o(.data)
    plazma_can1                              0x10005973   Data           1  full_can.o(.data)
    plazma_can2                              0x10005974   Data           1  full_can.o(.data)
    plazma_can3                              0x10005975   Data           1  full_can.o(.data)
    plazma_can4                              0x10005976   Data           1  full_can.o(.data)
    gCANFilter                               0x10005978   Data           2  full_can.o(.data)
    can2_tx_cnt                              0x1000597a   Data           2  full_can.o(.data)
    CANStatus                                0x1000597c   Data           4  full_can.o(.data)
    bMODBUS_TIMEOUT                          0x10005980   Data           1  modbus.o(.data)
    modbus_rx_buffer_ptr                     0x10005981   Data           1  modbus.o(.data)
    modbus_rx_counter                        0x10005982   Data           1  modbus.o(.data)
    modbus_plazma                            0x10005984   Data           2  modbus.o(.data)
    modbus_plazma1                           0x10005986   Data           2  modbus.o(.data)
    modbus_plazma2                           0x10005988   Data           2  modbus.o(.data)
    modbus_plazma3                           0x1000598a   Data           2  modbus.o(.data)
    zTTRequestPhase                          0x1000598c   Data           1  ztt.o(.data)
    zTTSilentCnt                             0x1000598e   Data           6  ztt.o(.data)
    iap_entry                                0x10005998   Data           4  emac_lpc17xx.o(.data)
    sys_tick                                 0x100059a4   Data           1  at_system.o(.data)
    sec_tick                                 0x100059a5   Data           1  at_system.o(.data)
    timer_cnt                                0x100059a8   Data           2  at_system.o(.data)
    arp_table                                0x100059b0   Data         140  net_config_http.o(.bss)
    udp_socket                               0x10005a3c   Data          60  net_config_http.o(.bss)
    tcp_socket                               0x10005a78   Data         176  net_config_http.o(.bss)
    adc_buff                                 0x10005b28   Data        1024  control.o(.bss)
    adc_buff_                                0x10005f28   Data          32  control.o(.bss)
    main_power_buffer                        0x10005f48   Data          32  control.o(.bss)
    mess                                     0x10005f68   Data          10  mess.o(.bss)
    mess_old                                 0x10005f72   Data          10  mess.o(.bss)
    mess_cnt                                 0x10005f7c   Data          10  mess.o(.bss)
    mess_par0                                0x10005f88   Data          40  mess.o(.bss)
    mess_par1                                0x10005fb0   Data          40  mess.o(.bss)
    lakb_damp                                0x10005fd8   Data          42  main.o(.bss)
    b_ind                                    0x10006002   Data          50  main.o(.bss)
    eb2_data_short                           0x10006034   Data          20  main.o(.bss)
    avt_stat_old                             0x10006048   Data          12  main.o(.bss)
    bat_drv_rx_buff                          0x10006054   Data         512  main.o(.bss)
    snmp_community                           0x10006254   Data          10  snmp_data_file.o(.bss)
    can1_info                                0x10006260   Data          32  full_can.o(.bss)
    can1_id                                  0x10006280   Data          32  full_can.o(.bss)
    can1_data                                0x100062a0   Data          32  full_can.o(.bss)
    can1_datb                                0x100062c0   Data          32  full_can.o(.bss)
    can2_info                                0x100062e0   Data          32  full_can.o(.bss)
    can2_id                                  0x10006300   Data          32  full_can.o(.bss)
    can2_data                                0x10006320   Data          32  full_can.o(.bss)
    can2_datb                                0x10006340   Data          32  full_can.o(.bss)
    rotor_can                                0x10006360   Data          12  full_can.o(.bss)
    gFullCANList                             0x1000636c   Data          24  full_can.o(.bss)
    RXBUFF                                   0x10006384   Data          40  full_can.o(.bss)
    TXBUFF                                   0x100063ac   Data          40  full_can.o(.bss)
    can_rotor                                0x100063d4   Data          10  full_can.o(.bss)
    can_debug_plazma                         0x100063de   Data          20  full_can.o(.bss)
    plazma_can_pal                           0x100063f2   Data          20  full_can.o(.bss)
    ccc_plazma                               0x10006406   Data          20  full_can.o(.bss)
    UIB0                                     0x1000641a   Data         100  uart0.o(.bss)
    rx_buffer0                               0x1000647e   Data        1024  uart0.o(.bss)
    tx_buffer0                               0x1000687e   Data        1024  uart0.o(.bss)
    plazma_modbus_tcp                        0x10006c7e   Data          20  modbus_tcp.o(.bss)
    __initial_sp                             0x10007498   Data           0  startup_lpc17xx.o(STACK)
    snmp_PortNum                             0x2007c000   Data           2  net_config_http.o(.data)
    snmp_TrapPort                            0x2007c002   Data           2  net_config_http.o(.data)
    snmp_Community                           0x2007c004   Data           7  net_config_http.o(.data)
    plazma_cntrl_stat                        0x2007c00b   Data           1  control.o(.data)
    retind                                   0x2007c00c   Data           1  ret.o(.data)
    retsub                                   0x2007c00d   Data           1  ret.o(.data)
    retindsec                                0x2007c00e   Data           1  ret.o(.data)
    f0                                       0x2007c00f   Data           1  ret.o(.data)
    fc0                                      0x2007c010   Data           1  ret.o(.data)
    f1                                       0x2007c011   Data           1  ret.o(.data)
    fc1                                      0x2007c012   Data           1  ret.o(.data)
    ret_duty                                 0x2007c014   Data           2  ret.o(.data)
    retcnt                                   0x2007c018   Data           4  ret.o(.data)
    retcntsec                                0x2007c01c   Data           4  ret.o(.data)
    npn_stat                                 0x2007c020   Data           1  main.o(.data)
    Kibat0                                   0x2007c022   Data           4  main.o(.data)
    Ktbat                                    0x2007c026   Data           4  main.o(.data)
    Kunet                                    0x2007c02a   Data           2  main.o(.data)
    Ktext                                    0x2007c02c   Data           6  main.o(.data)
    KunetA                                   0x2007c032   Data           2  main.o(.data)
    KunetC                                   0x2007c034   Data           2  main.o(.data)
    MAIN_IST                                 0x2007c036   Data           2  main.o(.data)
    TWARMON                                  0x2007c038   Data           2  main.o(.data)
    TBOXVENTON                               0x2007c03a   Data           2  main.o(.data)
    DU_LI_BAT                                0x2007c03c   Data           2  main.o(.data)
    QSODERG_LI_BAT                           0x2007c03e   Data           2  main.o(.data)
    numOfPacks_                              0x2007c040   Data           2  main.o(.data)
    dig                                      0x2007c042   Data           5  main.o(.data)
    zero_on                                  0x2007c047   Data           1  main.o(.data)
    sk_av_cnt                                0x2007c048   Data           4  main.o(.data)
    u_necc_up                                0x2007c04c   Data           2  main.o(.data)
    num_necc                                 0x2007c04e   Data           2  main.o(.data)
    mat_temper                               0x2007c050   Data           4  main.o(.data)
    Isumm_                                   0x2007c054   Data           2  main.o(.data)
    sign_I                                   0x2007c056   Data           2  main.o(.data)
    superviser_cnt                           0x2007c058   Data           1  main.o(.data)
    t_ext_can                                0x2007c05a   Data           2  main.o(.data)
    Kvv_eb2                                  0x2007c05c   Data           6  main.o(.data)
    power_summary_tempo_old                  0x2007c064   Data           4  main.o(.data)
    power_current_tempo_old                  0x2007c068   Data           2  main.o(.data)
    powerCurrentCnt                          0x2007c06a   Data           1  main.o(.data)
    ibat_metr_buff_                          0x2007c06c   Data           8  main.o(.data)
    bat_drv_rx_cnt                           0x2007c074   Data           2  main.o(.data)
    plazma_bat_drv1                          0x2007c076   Data           2  main.o(.data)
    outVoltContrHndlCnt_                     0x2007c078   Data           2  main.o(.data)
    tcp_connect_stat                         0x2007c07a   Data           1  main.o(.data)
    pvlk                                     0x2007c07c   Data           2  main.o(.data)
    snmp_mains_power_status                  0x2007c07e   Data           2  snmp_data_file.o(.data)
    SystemFrequency                          0x2007c080   Data           4  system_lpc17xx.o(.data)
    timer0_counter                           0x2007c084   Data           4  timer.o(.data)
    timer1_counter                           0x2007c088   Data           4  timer.o(.data)
    beep_stat_cnt                            0x2007c08d   Data           1  beep.o(.data)
    beep_cnt                                 0x2007c08e   Data           1  beep.o(.data)
    bU_BAT2REL_AV_BAT                        0x2007c08f   Data           1  beep.o(.data)
    beep_stat_temp                           0x2007c090   Data           4  beep.o(.data)
    beep_stat                                0x2007c094   Data           4  beep.o(.data)
    b7705ch                                  0x2007c098   Data           1  ad7705.o(.data)
    ad7705_wrk_cnt                           0x2007c099   Data           1  ad7705.o(.data)
    ad7705_res1                              0x2007c09a   Data           2  ad7705.o(.data)
    ad7705_res2                              0x2007c09c   Data           2  ad7705.o(.data)
    ad7705_res                               0x2007c09e   Data           2  ad7705.o(.data)
    ad7705_plazma                            0x2007c0a0   Data           2  ad7705.o(.data)
    ad7705_buff_                             0x2007c0a2   Data           4  ad7705.o(.data)
    UART0TxEmpty                             0x2007c0a8   Data           1  uart0.o(.data)
    bRXIN0                                   0x2007c0a9   Data           1  uart0.o(.data)
    rx_buffer_overflow0                      0x2007c0aa   Data           1  uart0.o(.data)
    plazma_uart0                             0x2007c0ab   Data           1  uart0.o(.data)
    rx_wr_index0                             0x2007c0ac   Data           2  uart0.o(.data)
    rx_rd_index0                             0x2007c0ae   Data           2  uart0.o(.data)
    rx_counter0                              0x2007c0b0   Data           2  uart0.o(.data)
    tx_wr_index0                             0x2007c0b2   Data           2  uart0.o(.data)
    tx_rd_index0                             0x2007c0b4   Data           2  uart0.o(.data)
    tx_counter0                              0x2007c0b6   Data           2  uart0.o(.data)
    UART0Status                              0x2007c0b8   Data           4  uart0.o(.data)
    modbus_timeout_cnt                       0x2007c0bc   Data           1  modbus.o(.data)
    mcp2515_can_st                           0x2007c0bd   Data           1  mcp2515.o(.data)
    mcp2515_can_st_old                       0x2007c0be   Data           1  mcp2515.o(.data)
    bMCP2515_IN                              0x2007c0bf   Data           1  mcp2515.o(.data)
    mcp2515_buff_wr_ptr                      0x2007c0c0   Data           1  mcp2515.o(.data)
    mcp2515_buff_rd_ptr                      0x2007c0c1   Data           1  mcp2515.o(.data)
    portForSacredSunBatteryIsInitiated       0x2007c0c2   Data           1  sacred_sun.o(.data)
    sacredSunBatteryHndlPhase                0x2007c0c3   Data           1  sacred_sun.o(.data)
    sacredSunRequestPhase                    0x2007c0c4   Data           1  sacred_sun.o(.data)
    sacredSunSilentCnt                       0x2007c0c6   Data           2  sacred_sun.o(.data)
    sc16is700ByteAvailable                   0x2007c0c8   Data           1  sc16is7xx.o(.data)
    sc16is700TxFifoLevel                     0x2007c0c9   Data           1  sc16is7xx.o(.data)
    tx_wr_index_sc16is700                    0x2007c0ca   Data           1  sc16is7xx.o(.data)
    tx_rd_index_sc16is700                    0x2007c0cb   Data           1  sc16is7xx.o(.data)
    sc16is700TxFifoEmptyCnt                  0x2007c0cc   Data           1  sc16is7xx.o(.data)
    sc16is700TxPossibleFlag                  0x2007c0cd   Data           1  sc16is7xx.o(.data)
    sc16is700RecieveDisableFlag              0x2007c0ce   Data           1  sc16is7xx.o(.data)
    zTTBatteryHndlCmnd                       0x2007c0cf   Data           1  ztt.o(.data)
    modbus_tcp_func                          0x2007c0d0   Data           1  modbus_tcp.o(.data)
    modbus_tcp_unit                          0x2007c0d1   Data           1  modbus_tcp.o(.data)
    modbus_tcp_rx_arg0                       0x2007c0d2   Data           2  modbus_tcp.o(.data)
    modbus_tcp_rx_arg1                       0x2007c0d4   Data           2  modbus_tcp.o(.data)
    modbus_tcp_out_ptr                       0x2007c0d8   Data           4  modbus_tcp.o(.data)
    snmp_SysUpTime                           0x2007c0e0   Data           4  at_snmp.o(.data)
    Mem_Pool                                 0x2007c0f0   Data       10384  net_config_http.o(.bss)
    bat                                      0x2007e980   Data         152  main.o(.bss)
    bat_ips                                  0x2007ea18   Data          76  main.o(.bss)
    makb                                     0x2007ea64   Data         168  main.o(.bss)
    lakb                                     0x2007eb0c   Data         228  main.o(.bss)
    li_bat                                   0x2007ebf0   Data          24  main.o(.bss)
    bps                                      0x2007ec08   Data        2668  main.o(.bss)
    inv                                      0x2007f674   Data        1920  main.o(.bss)
    byps                                     0x2007fdf4   Data          14  main.o(.bss)
    lcd_bitmap                               0x2007fe02   Data        1024  main.o(.bss)
    tst_state                                0x20080202   Data          15  main.o(.bss)
    content                                  0x20080211   Data          63  main.o(.bss)
    ibt                                      0x20080250   Data          30  main.o(.bss)
    avt_stat                                 0x2008026e   Data          12  main.o(.bss)
    ica_plazma                               0x2008027a   Data          10  main.o(.bss)
    eb2_data                                 0x20080284   Data          30  main.o(.bss)
    snmp_location                            0x200802b6   Data         100  snmp_data_file.o(.bss)
    snmp_bps_number                          0x2008031a   Data          16  snmp_data_file.o(.bss)
    snmp_bps_voltage                         0x2008032a   Data          16  snmp_data_file.o(.bss)
    snmp_bps_current                         0x2008033a   Data          16  snmp_data_file.o(.bss)
    snmp_bps_temperature                     0x2008034a   Data          16  snmp_data_file.o(.bss)
    snmp_bps_stat                            0x2008035a   Data          16  snmp_data_file.o(.bss)
    snmp_spc_trap_message                    0x2008036a   Data         100  snmp_data_file.o(.bss)
    snmp_avt_number                          0x200803ce   Data          12  snmp_data_file.o(.bss)
    snmp_avt_stat                            0x200803da   Data          12  snmp_data_file.o(.bss)
    snmp_sk_name                             0x200803e6   Data          80  snmp_data_file.o(.bss)
    snmp_lakb_number                         0x20080436   Data          14  snmp_data_file.o(.bss)
    snmp_lakb_voltage                        0x20080444   Data          14  snmp_data_file.o(.bss)
    snmp_lakb_max_cell_voltage               0x20080452   Data          14  snmp_data_file.o(.bss)
    snmp_lakb_min_cell_voltage               0x20080460   Data          14  snmp_data_file.o(.bss)
    snmp_lakb_max_cell_temperature           0x2008046e   Data          14  snmp_data_file.o(.bss)
    snmp_lakb_min_cell_temperature           0x2008047c   Data          14  snmp_data_file.o(.bss)
    snmp_lakb_ch_curr                        0x2008048a   Data          14  snmp_data_file.o(.bss)
    snmp_lakb_dsch_curr                      0x20080498   Data          14  snmp_data_file.o(.bss)
    snmp_lakb_rat_cap                        0x200804a6   Data          14  snmp_data_file.o(.bss)
    snmp_lakb_soh                            0x200804b4   Data          14  snmp_data_file.o(.bss)
    snmp_lakb_soc                            0x200804c2   Data          14  snmp_data_file.o(.bss)
    snmp_lakb_cclv                           0x200804d0   Data          14  snmp_data_file.o(.bss)
    snmp_lakb_rbt                            0x200804de   Data          14  snmp_data_file.o(.bss)
    snmp_lakb_flags1                         0x200804ec   Data          14  snmp_data_file.o(.bss)
    snmp_lakb_flags2                         0x200804fa   Data          14  snmp_data_file.o(.bss)
    obj                                      0x20080508   Data          20  snmp_data_file.o(.bss)
    snmp_lakb_damp1                          0x2008051c   Data         450  snmp_data_file.o(.bss)
    ad7705_buff                              0x200806de   Data          64  ad7705.o(.bss)
    modbus_rx_buffer                         0x2008071e   Data          30  modbus.o(.bss)
    modbus_an_buffer                         0x2008073c   Data          30  modbus.o(.bss)
    modbus_tx_buff                           0x2008075a   Data         100  modbus.o(.bss)
    mcp2515_out_buff                         0x200807be   Data          64  mcp2515.o(.bss)
    liBatteryInBuff                          0x200807fe   Data         300  sacred_sun.o(.bss)
    tx_buffer_sc16is700                      0x2008092a   Data          32  sc16is7xx.o(.bss)
    localm                                   0x20083450   Data          60  at_system.o(.bss)



==============================================================================

Memory Map of the image

  Image Entry point : 0x000000cd

  Load Region LR_IROM1 (Base: 0x00000000, Size: 0x00047d64, Max: 0x00080000, ABSOLUTE, COMPRESSED[0x0004334c])

    Execution Region ER_IROM1 (Base: 0x00000000, Size: 0x000422c4, Max: 0x00080000, ABSOLUTE)

    Base Addr    Size         Type   Attr      Idx    E Section Name        Object

    0x00000000   0x000000cc   Data   RO            3    RESET               startup_lpc17xx.o
    0x000000cc   0x00000000   Code   RO         1550  * .ARM.Collect$$$$00000000  mc_w.l(entry.o)
    0x000000cc   0x00000004   Code   RO         1569    .ARM.Collect$$$$00000001  mc_w.l(entry2.o)
    0x000000d0   0x00000004   Code   RO         1572    .ARM.Collect$$$$00000004  mc_w.l(entry5.o)
    0x000000d4   0x00000008   Code   RO         1573    .ARM.Collect$$$$00000007  mc_w.l(entry7.o)
    0x000000dc   0x00000004   Code   RO         1570    .ARM.Collect$$$$00002712  mc_w.l(entry2.o)
    0x000000e0   0x0000001c   Code   RO            5    .text               startup_lpc17xx.o
    0x000000fc   0x00000044   Code   RO           13    .text               net_config_http.o
    0x00000140   0x00000104   Code   RO          262    .text               mess.o
    0x00000244   0x0000003c   Code   RO          278    .text               ret.o
    0x00000280   0x00000058   Code   RO          308    .text               gran.o
    0x000002d8   0x00000008   Code   RO         1553    .text               mc_w.l(isalnum_c.o)
    0x000002e0   0x00000008   Code   RO         1555    .text               mc_w.l(isdigit_c.o)
    0x000002e8   0x00000008   Code   RO         1557    .text               mc_w.l(islower_c.o)
    0x000002f0   0x00000008   Code   RO         1559    .text               mc_w.l(isupper_c.o)
    0x000002f8   0x00000002   Code   RO         1582    i.__scatterload_null  mc_w.l(handlers.o)
    0x000002fa   0x00000002   Code   RO         1431    i.poll_ethernet     TCP_CM3.lib(at_ethernet.o)
    0x000002fc   0x00000004   Code   RO            4    .ARM.__at_0x02FC    startup_lpc17xx.o
    0x00000300   0x00001ad4   Code   RO           65    .text               common_func.o
    0x00001dd4   0x00004338   Code   RO          147    .text               control.o
    0x0000610c   0x00001a6a   Code   RO          326    .text               avar_hndl.o
    0x00007b76   0x00000002   PAD
    0x00007b78   0x0002f2e0   Code   RO          389    .text               main.o
    0x00036e58   0x00000920   Code   RO          654    .text               graphic.o
    0x00037778   0x0000119c   Code   RO          668    .text               snmp_data_file.o
    0x00038914   0x00000d04   Code   RO          828    .text               memo.o
    0x00039618   0x000001b0   Code   RO          840    .text               system_lpc17xx.o
    0x000397c8   0x00000058   Code   RO          862    .text               timer.o
    0x00039820   0x00000188   Code   RO          930    .text               beep.o
    0x000399a8   0x00000254   Code   RO          945    .text               ad7705.o
    0x00039bfc   0x000004c2   Code   RO          969    .text               lcd_agm1232_uku207_3.o
    0x0003a0be   0x00000002   PAD
    0x0003a0c0   0x00000518   Code   RO         1011    .text               25lc640.o
    0x0003a5d8   0x00002528   Code   RO         1029    .text               full_can.o
    0x0003cb00   0x00000710   Code   RO         1070    .text               uart0.o
    0x0003d210   0x00000eac   Code   RO         1144    .text               modbus.o
    0x0003e0bc   0x000003e4   Code   RO         1192    .text               mcp2515.o
    0x0003e4a0   0x0000003a   Code   RO         1213    .text               sacred_sun.o
    0x0003e4da   0x00000002   PAD
    0x0003e4dc   0x00000278   Code   RO         1238    .text               sc16is7xx.o
    0x0003e754   0x000004a2   Code   RO         1279    .text               modbus_tcp.o
    0x0003ebf6   0x00000002   PAD
    0x0003ebf8   0x000004fc   Code   RO         1298    .text               emac_lpc17xx.o
    0x0003f0f4   0x00000010   Code   RO         1565    .text               mc_w.l(strlen.o)
    0x0003f104   0x00000028   Code   RO         1574    .text               mc_w.l(ctype_c.o)
    0x0003f12c   0x00000024   Code   RO         1577    .text               mc_w.l(init.o)
    0x0003f150   0x0000005c   Code   RO         1587    .text               mc_w.l(__dczerorl2.o)
    0x0003f1ac   0x00000016   Code   RO         1446    i.CalcChksum        TCP_CM3.lib(at_lib.o)
    0x0003f1c2   0x00000002   PAD
    0x0003f1c4   0x00000028   Code   RO         1447    i.CalcChksumBuf     TCP_CM3.lib(at_lib.o)
    0x0003f1ec   0x0000000a   Code   RO         1448    i.CalcChksumVal     TCP_CM3.lib(at_lib.o)
    0x0003f1f6   0x0000000a   Code   RO         1449    i.SwapB             TCP_CM3.lib(at_lib.o)
    0x0003f200   0x0000000e   Code   RO         1581    i.__scatterload_copy  mc_w.l(handlers.o)
    0x0003f20e   0x0000000e   Code   RO         1583    i.__scatterload_zeroinit  mc_w.l(handlers.o)
    0x0003f21c   0x000000ec   Code   RO         1395    i.add_object        TCP_CM3.lib(at_snmp.o)
    0x0003f308   0x000000a4   Code   RO         1494    i.alloc_mem         TCP_CM3.lib(at_mem.o)
    0x0003f3ac   0x000000c4   Code   RO         1513    i.arp_cache_add     TCP_CM3.lib(at_arp.o)
    0x0003f470   0x0000006c   Code   RO         1514    i.arp_cache_alloc   TCP_CM3.lib(at_arp.o)
    0x0003f4dc   0x00000118   Code   RO         1515    i.arp_cache_find    TCP_CM3.lib(at_arp.o)
    0x0003f5f4   0x000000f8   Code   RO         1517    i.arp_cache_update  TCP_CM3.lib(at_arp.o)
    0x0003f6ec   0x00000068   Code   RO         1519    i.arp_get_response  TCP_CM3.lib(at_arp.o)
    0x0003f754   0x0000009c   Code   RO         1520    i.arp_send_reply    TCP_CM3.lib(at_arp.o)
    0x0003f7f0   0x000000ac   Code   RO         1521    i.arp_send_req      TCP_CM3.lib(at_arp.o)
    0x0003f89c   0x00000046   Code   RO         1396    i.bind_tlv          TCP_CM3.lib(at_snmp.o)
    0x0003f8e2   0x0000003e   Code   RO         1397    i.bind_val          TCP_CM3.lib(at_snmp.o)
    0x0003f920   0x00000010   Code   RO         1427    i.eth_chk_adr       TCP_CM3.lib(at_ethernet.o)
    0x0003f930   0x00000098   Code   RO         1429    i.eth_send_frame    TCP_CM3.lib(at_ethernet.o)
    0x0003f9c8   0x00000068   Code   RO         1495    i.free_mem          TCP_CM3.lib(at_mem.o)
    0x0003fa30   0x00000016   Code   RO         1456    i.get_u32           TCP_CM3.lib(at_lib.o)
    0x0003fa46   0x0000002c   Code   RO         1398    i.get_value         TCP_CM3.lib(at_snmp.o)
    0x0003fa72   0x0000000c   Code   RO         1399    i.ilen              TCP_CM3.lib(at_snmp.o)
    0x0003fa7e   0x00000002   PAD
    0x0003fa80   0x00000038   Code   RO         1504    i.init_TcpNet       TCP_CM3.lib(at_system.o)
    0x0003fab8   0x00000028   Code   RO         1522    i.init_arp          TCP_CM3.lib(at_arp.o)
    0x0003fae0   0x00000024   Code   RO         1430    i.init_eth_link     TCP_CM3.lib(at_ethernet.o)
    0x0003fb04   0x00000024   Code   RO         1496    i.init_mem          TCP_CM3.lib(at_mem.o)
    0x0003fb28   0x0000005c   Code   RO         1400    i.init_snmp         TCP_CM3.lib(at_snmp.o)
    0x0003fb84   0x00000018   Code   RO         1321    i.init_tcp          TCP_CM3.lib(at_tcp.o)
    0x0003fb9c   0x0000001c   Code   RO         1376    i.init_udp          TCP_CM3.lib(at_udp.o)
    0x0003fbb8   0x000000c4   Code   RO         1538    i.ip_chk_frame      TCP_CM3.lib(at_ip.o)
    0x0003fc7c   0x0000000a   Code   RO         1539    i.ip_get_chksum     TCP_CM3.lib(at_ip.o)
    0x0003fc86   0x00000002   PAD
    0x0003fc88   0x00000098   Code   RO         1540    i.ip_get_locadr     TCP_CM3.lib(at_ip.o)
    0x0003fd20   0x00000090   Code   RO         1541    i.ip_send_frame     TCP_CM3.lib(at_ip.o)
    0x0003fdb0   0x00000022   Code   RO         1457    i.is_subnet         TCP_CM3.lib(at_lib.o)
    0x0003fdd2   0x00000002   PAD
    0x0003fdd4   0x0000002c   Code   RO         1523    i.is_subnet_bcast   TCP_CM3.lib(at_arp.o)
    0x0003fe00   0x0000003c   Code   RO         1505    i.main_TcpNet       TCP_CM3.lib(at_system.o)
    0x0003fe3c   0x0000001e   Code   RO         1458    i.mem_comp          TCP_CM3.lib(at_lib.o)
    0x0003fe5a   0x00000002   PAD
    0x0003fe5c   0x0000001c   Code   RO         1459    i.mem_copy          TCP_CM3.lib(at_lib.o)
    0x0003fe78   0x00000010   Code   RO         1461    i.mem_set           TCP_CM3.lib(at_lib.o)
    0x0003fe88   0x00000016   Code   RO         1462    i.mem_test          TCP_CM3.lib(at_lib.o)
    0x0003fe9e   0x00000002   PAD
    0x0003fea0   0x00000080   Code   RO         1401    i.mib_find          TCP_CM3.lib(at_snmp.o)
    0x0003ff20   0x00000080   Code   RO         1402    i.mib_write         TCP_CM3.lib(at_snmp.o)
    0x0003ffa0   0x0000006c   Code   RO         1403    i.parse_tlv         TCP_CM3.lib(at_snmp.o)
    0x0004000c   0x00000098   Code   RO         1524    i.process_arp       TCP_CM3.lib(at_arp.o)
    0x000400a4   0x00000002   Code   RO         1432    i.process_hl_igmp   TCP_CM3.lib(at_ethernet.o)
    0x000400a6   0x00000074   Code   RO         1548    i.process_icmp      TCP_CM3.lib(at_icmp.o)
    0x0004011a   0x00000002   PAD
    0x0004011c   0x0000046c   Code   RO         1322    i.process_tcp       TCP_CM3.lib(at_tcp.o)
    0x00040588   0x000000c4   Code   RO         1377    i.process_udp       TCP_CM3.lib(at_udp.o)
    0x0004064c   0x0000002c   Code   RO         1433    i.put_in_queue      TCP_CM3.lib(at_ethernet.o)
    0x00040678   0x00000034   Code   RO         1497    i.resize_mem        TCP_CM3.lib(at_mem.o)
    0x000406ac   0x000000b0   Code   RO         1434    i.run_eth_link      TCP_CM3.lib(at_ethernet.o)
    0x0004075c   0x00000030   Code   RO         1404    i.run_snmp_agent    TCP_CM3.lib(at_snmp.o)
    0x0004078c   0x00000010   Code   RO         1463    i.set_u32           TCP_CM3.lib(at_lib.o)
    0x0004079c   0x00000036   Code   RO         1405    i.set_value         TCP_CM3.lib(at_snmp.o)
    0x000407d2   0x00000002   PAD
    0x000407d4   0x0000031c   Code   RO         1406    i.snmp_listener     TCP_CM3.lib(at_snmp.o)
    0x00040af0   0x0000025c   Code   RO         1408    i.snmp_trap         TCP_CM3.lib(at_snmp.o)
    0x00040d4c   0x00000016   Code   RO         1464    i.str_copy          TCP_CM3.lib(at_lib.o)
    0x00040d62   0x00000010   Code   RO         1328    i.tcp_get_buf       TCP_CM3.lib(at_tcp.o)
    0x00040d72   0x00000002   PAD
    0x00040d74   0x00000048   Code   RO         1330    i.tcp_get_socket    TCP_CM3.lib(at_tcp.o)
    0x00040dbc   0x00000014   Code   RO         1332    i.tcp_init_seq      TCP_CM3.lib(at_tcp.o)
    0x00040dd0   0x0000007c   Code   RO         1333    i.tcp_listen        TCP_CM3.lib(at_tcp.o)
    0x00040e4c   0x000000a0   Code   RO         1334    i.tcp_map_socket    TCP_CM3.lib(at_tcp.o)
    0x00040eec   0x000001f4   Code   RO         1336    i.tcp_poll_sockets  TCP_CM3.lib(at_tcp.o)
    0x000410e0   0x00000070   Code   RO         1337    i.tcp_process_opt   TCP_CM3.lib(at_tcp.o)
    0x00041150   0x00000104   Code   RO         1341    i.tcp_send          TCP_CM3.lib(at_tcp.o)
    0x00041254   0x00000022   Code   RO         1342    i.tcp_send_ctrl     TCP_CM3.lib(at_tcp.o)
    0x00041276   0x00000002   PAD
    0x00041278   0x000000f4   Code   RO         1343    i.tcp_send_frame    TCP_CM3.lib(at_tcp.o)
    0x0004136c   0x00000080   Code   RO         1344    i.tcp_send_reset    TCP_CM3.lib(at_tcp.o)
    0x000413ec   0x00000012   Code   RO         1346    i.tcp_set_retransmit  TCP_CM3.lib(at_tcp.o)
    0x000413fe   0x00000002   PAD
    0x00041400   0x00000074   Code   RO         1347    i.tcp_transit       TCP_CM3.lib(at_tcp.o)
    0x00041474   0x0000000c   Code   RO         1506    i.timer_tick        TCP_CM3.lib(at_system.o)
    0x00041480   0x00000010   Code   RO         1379    i.udp_get_buf       TCP_CM3.lib(at_udp.o)
    0x00041490   0x00000048   Code   RO         1380    i.udp_get_socket    TCP_CM3.lib(at_udp.o)
    0x000414d8   0x0000007c   Code   RO         1382    i.udp_open          TCP_CM3.lib(at_udp.o)
    0x00041554   0x0000010c   Code   RO         1384    i.udp_send          TCP_CM3.lib(at_udp.o)
    0x00041660   0x00000014   Code   RO         1409    i.ulen              TCP_CM3.lib(at_snmp.o)
    0x00041674   0x0000003c   Data   RO           18    .constdata          net_config_http.o
    0x000416b0   0x00000001   Data   RO           19    .constdata          net_config_http.o
    0x000416b1   0x00000003   PAD
    0x000416b4   0x00000004   Data   RO           20    .constdata          net_config_http.o
    0x000416b8   0x00000002   Data   RO           21    .constdata          net_config_http.o
    0x000416ba   0x00000002   Data   RO           22    .constdata          net_config_http.o
    0x000416bc   0x00000002   Data   RO           23    .constdata          net_config_http.o
    0x000416be   0x00000001   Data   RO           24    .constdata          net_config_http.o
    0x000416bf   0x00000001   Data   RO           25    .constdata          net_config_http.o
    0x000416c0   0x00000001   Data   RO           26    .constdata          net_config_http.o
    0x000416c1   0x00000001   Data   RO           27    .constdata          net_config_http.o
    0x000416c2   0x00000001   Data   RO           28    .constdata          net_config_http.o
    0x000416c3   0x00000001   PAD
    0x000416c4   0x00000002   Data   RO           29    .constdata          net_config_http.o
    0x000416c6   0x00000002   Data   RO           30    .constdata          net_config_http.o
    0x000416c8   0x00000002   Data   RO           31    .constdata          net_config_http.o
    0x000416ca   0x00000002   Data   RO           32    .constdata          net_config_http.o
    0x000416cc   0x00000001   Data   RO           34    .constdata          net_config_http.o
    0x000416cd   0x00000001   Data   RO           35    .constdata          net_config_http.o
    0x000416ce   0x00000004   Data   RO           36    .constdata          net_config_http.o
    0x000416d2   0x00000004   Data   RO          160    .constdata          control.o
    0x000416d6   0x00000004   Data   RO          161    .constdata          control.o
    0x000416da   0x00000004   Data   RO          350    .constdata          eeprom_map.o
    0x000416de   0x00000004   Data   RO          351    .constdata          eeprom_map.o
    0x000416e2   0x00000004   Data   RO          352    .constdata          eeprom_map.o
    0x000416e6   0x00000004   Data   RO          353    .constdata          eeprom_map.o
    0x000416ea   0x00000004   Data   RO          354    .constdata          eeprom_map.o
    0x000416ee   0x00000004   Data   RO          355    .constdata          eeprom_map.o
    0x000416f2   0x00000004   Data   RO          356    .constdata          eeprom_map.o
    0x000416f6   0x00000004   Data   RO          357    .constdata          eeprom_map.o
    0x000416fa   0x00000004   Data   RO          358    .constdata          eeprom_map.o
    0x000416fe   0x00000004   Data   RO          359    .constdata          eeprom_map.o
    0x00041702   0x00000004   Data   RO          360    .constdata          eeprom_map.o
    0x00041706   0x00000004   Data   RO          361    .constdata          eeprom_map.o
    0x0004170a   0x00000004   Data   RO          362    .constdata          eeprom_map.o
    0x0004170e   0x00000004   Data   RO          363    .constdata          eeprom_map.o
    0x00041712   0x00000006   Data   RO          364    .constdata          eeprom_map.o
    0x00041718   0x00000006   Data   RO          365    .constdata          eeprom_map.o
    0x0004171e   0x00000006   Data   RO          366    .constdata          eeprom_map.o
    0x00041724   0x00000006   Data   RO          367    .constdata          eeprom_map.o
    0x0004172a   0x00000006   Data   RO          368    .constdata          eeprom_map.o
    0x00041730   0x00000006   Data   RO          369    .constdata          eeprom_map.o
    0x00041736   0x00000006   Data   RO          370    .constdata          eeprom_map.o
    0x0004173c   0x00000006   Data   RO          371    .constdata          eeprom_map.o
    0x00041742   0x00000008   Data   RO          372    .constdata          eeprom_map.o
    0x0004174a   0x00000008   Data   RO          373    .constdata          eeprom_map.o
    0x00041752   0x00000008   Data   RO          374    .constdata          eeprom_map.o
    0x0004175a   0x00000008   Data   RO          375    .constdata          eeprom_map.o
    0x00041762   0x00000008   Data   RO          376    .constdata          eeprom_map.o
    0x0004176a   0x00000002   PAD
    0x0004176c   0x0000068a   Data   RO          403    .constdata          main.o
    0x00041df6   0x00000011   Data   RO          404    .constdata          main.o
    0x00041e07   0x00000096   Data   RO          632    .constdata          simbols.o
    0x00041e9d   0x00000096   Data   RO          633    .constdata          simbols.o
    0x00041f33   0x0000001e   Data   RO          634    .constdata          simbols.o
    0x00041f51   0x0000001e   Data   RO          635    .constdata          simbols.o
    0x00041f6f   0x0000001e   Data   RO          636    .constdata          simbols.o
    0x00041f8d   0x0000001e   Data   RO          637    .constdata          simbols.o
    0x00041fab   0x00000001   Data   RO          798    .constdata          snmp_mib.o
    0x00041fac   0x00000002   Data   RO          799    .constdata          snmp_mib.o
    0x00041fae   0x00000001   Data   RO          800    .constdata          snmp_mib.o
    0x00041faf   0x00000001   Data   RO          801    .constdata          snmp_mib.o
    0x00041fb0   0x00000004   Data   RO          803    .constdata          snmp_mib.o
    0x00041fb4   0x00000200   Data   RO         1037    .constdata          full_can.o
    0x000421b4   0x00000006   Data   RO         1436    .constdata          TCP_CM3.lib(at_ethernet.o)
    0x000421ba   0x00000004   Data   RO         1542    .constdata          TCP_CM3.lib(at_ip.o)
    0x000421be   0x00000040   Data   RO         1575    .constdata          mc_w.l(ctype_c.o)
    0x000421fe   0x00000084   Data   RO          806    .conststring        snmp_mib.o
    0x00042282   0x00000002   PAD
    0x00042284   0x00000040   Data   RO         1579    Region$$Table       anon$$obj.o


    Execution Region RW_IRAM1 (Base: 0x10000000, Size: 0x00007498, Max: 0x00008000, ABSOLUTE, COMPRESSED[0x00000f98])

    Base Addr    Size         Type   Attr      Idx    E Section Name        Object

    0x10000000   0x00000006   Data   RW           38    .data               net_config_http.o
    0x10000006   0x00000002   PAD
    0x10000008   0x000000ac   Data   RW          166    .data               control.o
    0x100000b4   0x00000008   Data   RW          264    .data               mess.o
    0x100000bc   0x0000001a   Data   RW          327    .data               avar_hndl.o
    0x100000d6   0x00000002   PAD
    0x100000d8   0x0000038e   Data   RW          405    .data               main.o
    0x10000466   0x00000002   Data   RW          406    .data               main.o
    0x10000468   0x00000001   Data   RW          413    .data               main.o
    0x10000469   0x00000001   Data   RW          417    .data               main.o
    0x1000046a   0x00000004   Data   RW          425    .data               main.o
    0x1000046e   0x00000004   Data   RW          426    .data               main.o
    0x10000472   0x00000004   Data   RW          428    .data               main.o
    0x10000476   0x00000006   Data   RW          431    .data               main.o
    0x1000047c   0x00000002   Data   RW          433    .data               main.o
    0x1000047e   0x00000002   Data   RW          435    .data               main.o
    0x10000480   0x00000002   Data   RW          437    .data               main.o
    0x10000482   0x00000002   Data   RW          439    .data               main.o
    0x10000484   0x00000002   Data   RW          441    .data               main.o
    0x10000486   0x00000002   Data   RW          443    .data               main.o
    0x10000488   0x00000002   Data   RW          445    .data               main.o
    0x1000048a   0x00000002   PAD
    0x1000048c   0x00000004   Data   RW          452    .data               main.o
    0x10000490   0x00000002   Data   RW          459    .data               main.o
    0x10000492   0x00000002   Data   RW          475    .data               main.o
    0x10000494   0x00000001   Data   RW          476    .data               main.o
    0x10000495   0x00000004   Data   RW          482    .data               main.o
    0x10000499   0x00000001   PAD
    0x1000049a   0x00000002   Data   RW          487    .data               main.o
    0x1000049c   0x00000002   Data   RW          504    .data               main.o
    0x1000049e   0x00000002   Data   RW          507    .data               main.o
    0x100004a0   0x00000002   Data   RW          510    .data               main.o
    0x100004a2   0x00000006   Data   RW          511    .data               main.o
    0x100004a8   0x00000006   Data   RW          514    .data               main.o
    0x100004ae   0x00000002   PAD
    0x100004b0   0x00000004   Data   RW          515    .data               main.o
    0x100004b4   0x00000002   Data   RW          517    .data               main.o
    0x100004b6   0x00000001   Data   RW          519    .data               main.o
    0x100004b7   0x00000001   PAD
    0x100004b8   0x00000002   Data   RW          535    .data               main.o
    0x100004ba   0x00000003   Data   RW          539    .data               main.o
    0x100004bd   0x00000001   PAD
    0x100004be   0x00000002   Data   RW          542    .data               main.o
    0x100004c0   0x00000004   Data   RW          546    .data               main.o
    0x100004c4   0x00000002   Data   RW          547    .data               main.o
    0x100004c6   0x00000001   Data   RW          548    .data               main.o
    0x100004c7   0x00000002   Data   RW          553    .data               main.o
    0x100004c9   0x00000003   PAD
    0x100004cc   0x00002188   Data   RW          690    .data               snmp_data_file.o
    0x10002654   0x00000002   Data   RW          691    .data               snmp_data_file.o
    0x10002656   0x00000002   Data   RW          695    .data               snmp_data_file.o
    0x10002658   0x00000008   Data   RW          696    .data               snmp_data_file.o
    0x10002660   0x00000001   Data   RW          701    .data               snmp_data_file.o
    0x10002661   0x00000003   PAD
    0x10002664   0x00003300   Data   RW          808    .data               snmp_mib.o
    0x10005964   0x0000001c   Data   RW         1038    .data               full_can.o
    0x10005980   0x0000000c   Data   RW         1149    .data               modbus.o
    0x1000598c   0x00000001   Data   RW         1266    .data               ztt.o
    0x1000598d   0x00000001   PAD
    0x1000598e   0x00000006   Data   RW         1267    .data               ztt.o
    0x10005994   0x00000008   Data   RW         1300    .data               emac_lpc17xx.o
    0x1000599c   0x00000004   Data   RW         1348    .data               TCP_CM3.lib(at_tcp.o)
    0x100059a0   0x00000004   Data   RW         1498    .data               TCP_CM3.lib(at_mem.o)
    0x100059a4   0x00000008   Data   RW         1508    .data               TCP_CM3.lib(at_system.o)
    0x100059ac   0x00000002   Data   RW         1525    .data               TCP_CM3.lib(at_arp.o)
    0x100059ae   0x00000002   PAD
    0x100059b0   0x0000008c   Zero   RW           15    .bss                net_config_http.o
    0x10005a3c   0x0000003c   Zero   RW           16    .bss                net_config_http.o
    0x10005a78   0x000000b0   Zero   RW           17    .bss                net_config_http.o
    0x10005b28   0x00000440   Zero   RW          152    .bss                control.o
    0x10005f68   0x00000070   Zero   RW          263    .bss                mess.o
    0x10005fd8   0x0000002a   Zero   RW          394    .bss                main.o
    0x10006002   0x00000032   Zero   RW          397    .bss                main.o
    0x10006034   0x00000014   Zero   RW          400    .bss                main.o
    0x10006048   0x0000000c   Zero   RW          401    .bss                main.o
    0x10006054   0x00000200   Zero   RW          402    .bss                main.o
    0x10006254   0x0000000a   Zero   RW          686    .bss                snmp_data_file.o
    0x1000625e   0x00000002   PAD
    0x10006260   0x000001ba   Zero   RW         1032    .bss                full_can.o
    0x1000641a   0x00000864   Zero   RW         1078    .bss                uart0.o
    0x10006c7e   0x00000014   Zero   RW         1280    .bss                modbus_tcp.o
    0x10006c92   0x00000006   PAD
    0x10006c98   0x00000800   Zero   RW            1    STACK               startup_lpc17xx.o


    Execution Region RW_IRAM2 (Base: 0x2007c000, Size: 0x0000748c, Max: 0x00008000, ABSOLUTE)

    Base Addr    Size         Type   Attr      Idx    E Section Name        Object

    0x2007c000   0x00000002   Data   RW           39    .data               net_config_http.o
    0x2007c002   0x00000002   Data   RW           40    .data               net_config_http.o
    0x2007c004   0x00000007   Data   RW           41    .data               net_config_http.o
    0x2007c00b   0x00000001   Data   RW          197    .data               control.o
    0x2007c00c   0x00000014   Data   RW          281    .data               ret.o
    0x2007c020   0x00000001   Data   RW          416    .data               main.o
    0x2007c021   0x00000001   PAD
    0x2007c022   0x00000004   Data   RW          427    .data               main.o
    0x2007c026   0x00000004   Data   RW          429    .data               main.o
    0x2007c02a   0x00000002   Data   RW          430    .data               main.o
    0x2007c02c   0x00000006   Data   RW          432    .data               main.o
    0x2007c032   0x00000002   Data   RW          434    .data               main.o
    0x2007c034   0x00000002   Data   RW          436    .data               main.o
    0x2007c036   0x00000002   Data   RW          438    .data               main.o
    0x2007c038   0x00000002   Data   RW          440    .data               main.o
    0x2007c03a   0x00000002   Data   RW          442    .data               main.o
    0x2007c03c   0x00000002   Data   RW          444    .data               main.o
    0x2007c03e   0x00000002   Data   RW          446    .data               main.o
    0x2007c040   0x00000002   Data   RW          465    .data               main.o
    0x2007c042   0x00000005   Data   RW          473    .data               main.o
    0x2007c047   0x00000001   Data   RW          474    .data               main.o
    0x2007c048   0x00000004   Data   RW          481    .data               main.o
    0x2007c04c   0x00000002   Data   RW          486    .data               main.o
    0x2007c04e   0x00000002   Data   RW          489    .data               main.o
    0x2007c050   0x00000004   Data   RW          493    .data               main.o
    0x2007c054   0x00000002   Data   RW          505    .data               main.o
    0x2007c056   0x00000002   Data   RW          508    .data               main.o
    0x2007c058   0x00000001   Data   RW          509    .data               main.o
    0x2007c059   0x00000001   PAD
    0x2007c05a   0x00000002   Data   RW          512    .data               main.o
    0x2007c05c   0x00000006   Data   RW          513    .data               main.o
    0x2007c062   0x00000002   PAD
    0x2007c064   0x00000004   Data   RW          516    .data               main.o
    0x2007c068   0x00000002   Data   RW          518    .data               main.o
    0x2007c06a   0x00000001   Data   RW          520    .data               main.o
    0x2007c06b   0x00000001   PAD
    0x2007c06c   0x00000008   Data   RW          525    .data               main.o
    0x2007c074   0x00000002   Data   RW          540    .data               main.o
    0x2007c076   0x00000002   Data   RW          543    .data               main.o
    0x2007c078   0x00000002   Data   RW          549    .data               main.o
    0x2007c07a   0x00000001   Data   RW          555    .data               main.o
    0x2007c07b   0x00000001   PAD
    0x2007c07c   0x00000002   Data   RW          556    .data               main.o
    0x2007c07e   0x00000002   Data   RW          694    .data               snmp_data_file.o
    0x2007c080   0x00000004   Data   RW          841    .data               system_lpc17xx.o
    0x2007c084   0x00000008   Data   RW          868    .data               timer.o
    0x2007c08c   0x0000000c   Data   RW          931    .data               beep.o
    0x2007c098   0x0000000e   Data   RW          948    .data               ad7705.o
    0x2007c0a6   0x00000002   PAD
    0x2007c0a8   0x00000014   Data   RW         1083    .data               uart0.o
    0x2007c0bc   0x00000001   Data   RW         1148    .data               modbus.o
    0x2007c0bd   0x00000005   Data   RW         1195    .data               mcp2515.o
    0x2007c0c2   0x00000006   Data   RW         1215    .data               sacred_sun.o
    0x2007c0c8   0x00000007   Data   RW         1241    .data               sc16is7xx.o
    0x2007c0cf   0x00000001   Data   RW         1268    .data               ztt.o
    0x2007c0d0   0x0000000c   Data   RW         1281    .data               modbus_tcp.o
    0x2007c0dc   0x00000002   Data   RW         1385    .data               TCP_CM3.lib(at_udp.o)
    0x2007c0de   0x00000002   PAD
    0x2007c0e0   0x00000004   Data   RW         1411    .data               TCP_CM3.lib(at_snmp.o)
    0x2007c0e4   0x00000008   Data   RW         1437    .data               TCP_CM3.lib(at_ethernet.o)
    0x2007c0ec   0x00000004   Data   RW         1543    .data               TCP_CM3.lib(at_ip.o)
    0x2007c0f0   0x00002890   Zero   RW           14    .bss                net_config_http.o
    0x2007e980   0x00001904   Zero   RW          393    .bss                main.o
    0x20080284   0x0000001e   Zero   RW          399    .bss                main.o
    0x200802a2   0x0000027a   Zero   RW          685    .bss                snmp_data_file.o
    0x2008051c   0x000001c2   Zero   RW          687    .bss                snmp_data_file.o
    0x200806de   0x00000040   Zero   RW          947    .bss                ad7705.o
    0x2008071e   0x000000a0   Zero   RW         1146    .bss                modbus.o
    0x200807be   0x00000040   Zero   RW         1194    .bss                mcp2515.o
    0x200807fe   0x0000012c   Zero   RW         1214    .bss                sacred_sun.o
    0x2008092a   0x00000020   Zero   RW         1240    .bss                sc16is7xx.o
    0x2008094a   0x00000006   PAD
    0x20080950   0x00002a64   Zero   RW         1299    .bss                emac_lpc17xx.o
    0x200833b4   0x0000001c   Zero   RW         1410    .bss                TCP_CM3.lib(at_snmp.o)
    0x200833d0   0x00000080   Zero   RW         1435    .bss                TCP_CM3.lib(at_ethernet.o)
    0x20083450   0x0000003c   Zero   RW         1507    .bss                TCP_CM3.lib(at_system.o)


==============================================================================

Image component sizes


      Code (inc. data)   RO Data    RW Data    ZI Data      Debug   Object Name

      1304         18          0          0          0       3655   25lc640.o
       596         26          0         14         64       2639   ad7705.o
      6762        660          0         26          0       9328   avar_hndl.o
       392         40          0         12          0       1279   beep.o
      6868         68          0          0          0      38165   common_func.o
     17208       1880          8        173       1088      49523   control.o
         0          0        144          0          0       1898   eeprom_map.o
      1276         64          0          8      10852      15171   emac_lpc17xx.o
      9512        310        512         28        442      20133   full_can.o
        88          0          0          0          0       1038   gran.o
      2336         12          0          0          0       5537   graphic.o
      1218          8          0          0          0       2853   lcd_agm1232_uku207_3.o
    193248      23318       1691       1090       7070     153196   main.o
       996         26          0          5         64       3737   mcp2515.o
      3332        762          0          0          0       1408   memo.o
       260         10          0          8        112       1895   mess.o
      3756        272          0         13        160       6259   modbus.o
      1186         34          0         12         20       2496   modbus_tcp.o
        68          0         90         17      10760      12884   net_config_http.o
        60          4          0         20          0       1337   ret.o
        58          0          0          6        300       1288   sacred_sun.o
       632         36          0          7         32       3110   sc16is7xx.o
         0          0        420          0          0      17599   simbols.o
      4508        444          0       8599       1094      20813   snmp_data_file.o
         0          0        141      13056          0        937   snmp_mib.o
        32          8        204          0       2048        892   startup_lpc17xx.o
       432         24          0          4          0        703   system_lpc17xx.o
        88         16          0          8          0        998   timer.o
      1808        114          0         20       2148      10600   uart0.o
         0          0          0          8          0        655   ztt.o

    ----------------------------------------------------------------------
    258032      28154       3282      23160      36268     392026   Object Totals
         0          0         64          0          0          0   (incl. Generated)
         8          0          8         26         14          2   (incl. Padding)

    ----------------------------------------------------------------------

      Code (inc. data)   RO Data    RW Data    ZI Data      Debug   Library Member Name

      1500        156          0          2          0        892   at_arp.o
       428         48          6          8        128        544   at_ethernet.o
       116          0          0          0          0         88   at_icmp.o
       502         26          4          4          0        332   at_ip.o
       272          0          0          0          0        852   at_lib.o
       356         38          0          4          0        348   at_mem.o
      2402        110          0          4         28       1136   at_snmp.o
       128         28          0          8         60        216   at_system.o
      2960        170          0          4          0       1316   at_tcp.o
       704         50          0          2          0        484   at_udp.o
        92          0          0          0          0          0   __dczerorl2.o
        40          6         64          0          0         68   ctype_c.o
         0          0          0          0          0          0   entry.o
         8          4          0          0          0          0   entry2.o
         4          0          0          0          0          0   entry5.o
         8          4          0          0          0          0   entry7.o
        30          0          0          0          0          0   handlers.o
        36          8          0          0          0         68   init.o
         8          0          0          0          0         68   isalnum_c.o
         8          0          0          0          0         68   isdigit_c.o
         8          0          0          0          0         68   islower_c.o
         8          0          0          0          0         68   isupper_c.o
        16          0          0          0          0         68   strlen.o

    ----------------------------------------------------------------------
      9656        648         74         40        216       6684   Library Totals
        22          0          0          4          0          0   (incl. Padding)

    ----------------------------------------------------------------------

      Code (inc. data)   RO Data    RW Data    ZI Data      Debug   Library Name

      9368        626         10         36        216       6208   TCP_CM3.lib
       266         22         64          0          0        476   mc_w.l

    ----------------------------------------------------------------------
      9656        648         74         40        216       6684   Library Totals

    ----------------------------------------------------------------------

==============================================================================


      Code (inc. data)   RO Data    RW Data    ZI Data      Debug   

    267688      28802       3356      23200      36484     392628   Grand Totals
    267688      28802       3356       4232      36484     392628   ELF Image Totals (compressed)
    267688      28802       3356       4232          0          0   ROM Totals

==============================================================================

    Total RO  Size (Code + RO Data)               271044 ( 264.69kB)
    Total RW  Size (RW Data + ZI Data)             59684 (  58.29kB)
    Total ROM Size (Code + RO Data + RW Data)     275276 ( 268.82kB)

==============================================================================

